This is pdfTeX, Version 3.141592653-2.6-1.40.27 (MiKTeX 25.4) (preloaded format=pdflatex 2025.8.19)  22 SEP 2026 16:29
entering extended mode
 restricted \write18 enabled.
 file:line:error style messages enabled.
 %&-line parsing enabled.
**"c:/Users/Admin/Documents/GitHub/Statistiek/examens/STAT_1 2026-10-16/exam_20261016.tex"
(c:/Users/Admin/Documents/GitHub/Statistiek/examens/STAT_1 2026-10-16/exam_20261016.tex
LaTeX2e <2025-06-01> patch level 1
L3 programming layer <2025-07-20>
(C:\Users\Admin\AppData\Local\Programs\MiKTeX\tex/latex/base\article.cls
Document Class: article 2025/01/22 v1.4n Standard LaTeX document class
(C:\Users\Admin\AppData\Local\Programs\MiKTeX\tex/latex/base\size12.clo
File: size12.clo 2025/01/22 v1.4n Standard LaTeX file (size option)
)
\c@part=\count275
\c@section=\count276
\c@subsection=\count277
\c@subsubsection=\count278
\c@paragraph=\count279
\c@subparagraph=\count280
\c@figure=\count281
\c@table=\count282
\abovecaptionskip=\skip49
\belowcaptionskip=\skip50
\bibindent=\dimen148
) (C:\Users\Admin\AppData\Local\Programs\MiKTeX\tex/latex/pdfpages\pdfpages.sty
Package: pdfpages 2025/07/23 v0.6g Insert pages of external PDF documents (AM)
 (C:\Users\Admin\AppData\Local\Programs\MiKTeX\tex/latex/base\ifthen.sty
Package: ifthen 2024/03/16 v1.1e Standard LaTeX ifthen package (DPC)
) (C:\Users\Admin\AppData\Local\Programs\MiKTeX\tex/latex/tools\calc.sty
Package: calc 2025/03/01 v4.3b Infix arithmetic (KKT,FJ)
\calc@Acount=\count283
\calc@Bcount=\count284
\calc@Adimen=\dimen149
\calc@Bdimen=\dimen150
\calc@Askip=\skip51
\calc@Bskip=\skip52
LaTeX Info: Redefining \setlength on input line 86.
LaTeX Info: Redefining \addtolength on input line 87.
\calc@Ccount=\count285
\calc@Cskip=\skip53
) (C:\Users\Admin\AppData\Local\Programs\MiKTeX\tex/latex/eso-pic\eso-pic.sty
Package: eso-pic 2023/05/03 v3.0c eso-pic (RN)
\ESO@tempdima=\dimen151
\ESO@tempdimb=\dimen152
 (C:\Users\Admin\AppData\Local\Programs\MiKTeX\tex/latex/graphics\keyval.sty
Package: keyval 2022/05/29 v1.15 key=value parser (DPC)
\KV@toks@=\toks17
) (C:\Users\Admin\AppData\Local\Programs\MiKTeX\tex/latex/xcolor\xcolor.sty
Package: xcolor 2024/09/29 v3.02 LaTeX color extensions (UK)
 (C:\Users\Admin\AppData\Local\Programs\MiKTeX\tex/latex/graphics-cfg\color.cfg
File: color.cfg 2016/01/02 v1.6 sample color configuration
)
Package xcolor Info: Driver file: pdftex.def on input line 274.
 (C:\Users\Admin\AppData\Local\Programs\MiKTeX\tex/latex/graphics-def\pdftex.def
File: pdftex.def 2024/04/13 v1.2c Graphics/color driver for pdftex
) (C:\Users\Admin\AppData\Local\Programs\MiKTeX\tex/latex/graphics\mathcolor.ltx)
Package xcolor Info: Model `cmy' substituted by `cmy0' on input line 1349.
Package xcolor Info: Model `hsb' substituted by `rgb' on input line 1353.
Package xcolor Info: Model `RGB' extended on input line 1365.
Package xcolor Info: Model `HTML' substituted by `rgb' on input line 1367.
Package xcolor Info: Model `Hsb' substituted by `hsb' on input line 1368.
Package xcolor Info: Model `tHsb' substituted by `hsb' on input line 1369.
Package xcolor Info: Model `HSB' substituted by `hsb' on input line 1370.
Package xcolor Info: Model `Gray' substituted by `gray' on input line 1371.
Package xcolor Info: Model `wave' substituted by `hsb' on input line 1372.
)) (C:\Users\Admin\AppData\Local\Programs\MiKTeX\tex/latex/etoolbox\etoolbox.sty
Package: etoolbox 2025/02/11 v2.5l e-TeX tools for LaTeX (JAW)
\etb@tempcnta=\count286
) (C:\Users\Admin\AppData\Local\Programs\MiKTeX\tex/latex/graphics\graphicx.sty
Package: graphicx 2024/12/31 v1.2e Enhanced LaTeX Graphics (DPC,SPQR)
 (C:\Users\Admin\AppData\Local\Programs\MiKTeX\tex/latex/graphics\graphics.sty
Package: graphics 2024/08/06 v1.4g Standard LaTeX Graphics (DPC,SPQR)
 (C:\Users\Admin\AppData\Local\Programs\MiKTeX\tex/latex/graphics\trig.sty
Package: trig 2023/12/02 v1.11 sin cos tan (DPC)
) (C:\Users\Admin\AppData\Local\Programs\MiKTeX\tex/latex/graphics-cfg\graphics.cfg
File: graphics.cfg 2016/06/04 v1.11 sample graphics configuration
)
Package graphics Info: Driver file: pdftex.def on input line 106.
)
\Gin@req@height=\dimen153
\Gin@req@width=\dimen154
)
\AM@pagewidth=\dimen155
\AM@pageheight=\dimen156
\AM@fboxrule=\dimen157
 (C:\Users\Admin\AppData\Local\Programs\MiKTeX\tex/latex/pdfpages\pppdftex.def
File: pppdftex.def 2025/07/23 v0.6g Pdfpages driver for pdfTeX (AM)
)
\pdfpages@includegraphics@status=\count287
\AM@pagebox=\box53
\AM@global@opts=\toks18
\AM@pagecnt=\count288
\AM@toc@title=\toks19
\AM@lof@heading=\toks20
\c@AM@survey=\count289
\AM@templatesizebox=\box54
) (C:\Users\Admin\AppData\Local\Programs\MiKTeX\tex/latex/setspace\setspace.sty
Package: setspace 2022/12/04 v6.7b set line spacing
) (C:\Users\Admin\AppData\Local\Programs\MiKTeX\tex/generic/babel\babel.sty
Package: babel 2025/08/03 v25.12 The multilingual framework for LuaLaTeX, pdfLaTeX and XeLaTeX
\babel@savecnt=\count290
LaTeX Encoding Info:    Redeclaring text command \ij (encoding OT1) on input line 2045.
LaTeX Encoding Info:    Redeclaring text command \IJ (encoding OT1) on input line 2047.
LaTeX Encoding Info:    Redeclaring text command \ij (encoding T1) on input line 2049.
LaTeX Encoding Info:    Redeclaring text command \IJ (encoding T1) on input line 2050.
LaTeX Encoding Info:    Ignoring declaration for text command \ij (encoding ?) on input line 2051.
LaTeX Encoding Info:    Ignoring declaration for text command \IJ (encoding ?) on input line 2053.
LaTeX Encoding Info:    Ignoring declaration for text command \SS (encoding ?) on input line 2078.
\U@D=\dimen158
\l@unhyphenated=\language79
 (C:\Users\Admin\AppData\Local\Programs\MiKTeX\tex/generic/babel\txtbabel.def)
\bbl@readstream=\read2
\bbl@dirlevel=\count291

*************************************
* Local config file bblopts.cfg used
*
(C:\Users\Admin\AppData\Local\Programs\MiKTeX\tex/latex/arabi\bblopts.cfg
File: bblopts.cfg 2005/09/08 v0.1 add Arabic and Farsi to "declared" options of babel
) (C:\Users\Admin\AppData\Local\Programs\MiKTeX\tex/latex/babel-dutch\dutch.ldf
Language: dutch 2021/08/29 v3.8l Dutch support from the babel system
 (C:\Users\Admin\AppData\Local\Programs\MiKTeX\tex/generic/babel/locale/nl\babel-dutch.tex
Package babel Info: Importing font and identification data for dutch
(babel)             from babel-nl.ini. Reported on input line 12.
)
Package babel Info: Making " an active character on input line 127.
)) (C:/Users/Admin/Documents/Github/Statistiek/LaTeX/styles/exam_config.sty (../../LaTeX/styles/config.sty (C:\Users\Admin\AppData\Local\Programs\MiKTeX\tex/latex/geometry\geometry.sty
Package: geometry 2020/01/02 v5.9 Page Geometry
 (C:\Users\Admin\AppData\Local\Programs\MiKTeX\tex/generic/iftex\ifvtex.sty
Package: ifvtex 2019/10/25 v1.7 ifvtex legacy package. Use iftex instead.
 (C:\Users\Admin\AppData\Local\Programs\MiKTeX\tex/generic/iftex\iftex.sty
Package: iftex 2024/12/12 v1.0g TeX engine tests
))
\Gm@cnth=\count292
\Gm@cntv=\count293
\c@Gm@tempcnt=\count294
\Gm@bindingoffset=\dimen159
\Gm@wd@mp=\dimen160
\Gm@odd@mp=\dimen161
\Gm@even@mp=\dimen162
\Gm@layoutwidth=\dimen163
\Gm@layoutheight=\dimen164
\Gm@layouthoffset=\dimen165
\Gm@layoutvoffset=\dimen166
\Gm@dimlist=\toks21
 (C:\Users\Admin\AppData\Local\Programs\MiKTeX\tex/latex/geometry\geometry.cfg)) (C:\Users\Admin\AppData\Local\Programs\MiKTeX\tex/latex/preprint\authblk.sty
Package: authblk 2001/02/27 1.3 (PWD)
\affilsep=\skip54
\@affilsep=\skip55
\c@Maxaffil=\count295
\c@authors=\count296
\c@affil=\count297
) (C:\Users\Admin\AppData\Local\Programs\MiKTeX\tex/latex/base\fontenc.sty
Package: fontenc 2024/12/21 v2.1c Standard LaTeX package
) (C:\Users\Admin\AppData\Local\Programs\MiKTeX\tex/latex/url\url.sty
\Urlmuskip=\muskip17
Package: url 2013/09/16  ver 3.4  Verb mode for urls, etc.
) (C:\Users\Admin\AppData\Local\Programs\MiKTeX\tex/latex/psnfss\charter.sty
Package: charter 2020/03/25 PSNFSS-v9.3 (P.Dyballa) 
) (C:\Users\Admin\AppData\Local\Programs\MiKTeX\tex/latex/cantarell\cantarell.sty
Package: cantarell 2019/06/20 Style file for Cantarell.
 (C:\Users\Admin\AppData\Local\Programs\MiKTeX\tex/latex/fontaxes\fontaxes.sty
Package: fontaxes 2025-05-24 v2.0.1 Font selection axes (deprecated)
 (C:\Users\Admin\AppData\Local\Programs\MiKTeX\tex/latex/figureversions\figureversions.sty
Package: figureversions 2025-04-29 v1.0.1 Figure versions
)) (C:\Users\Admin\AppData\Local\Programs\MiKTeX\tex/generic/iftex\ifluatex.sty
Package: ifluatex 2019/10/25 v1.5 ifluatex legacy package. Use iftex instead.
) (C:\Users\Admin\AppData\Local\Programs\MiKTeX\tex/generic/iftex\ifxetex.sty
Package: ifxetex 2019/10/25 v0.7 ifxetex legacy package. Use iftex instead.
) (C:\Users\Admin\AppData\Local\Programs\MiKTeX\tex/latex/xkeyval\xkeyval.sty
Package: xkeyval 2022/06/16 v2.9 package option processing (HA)
 (C:\Users\Admin\AppData\Local\Programs\MiKTeX\tex/generic/xkeyval\xkeyval.tex (C:\Users\Admin\AppData\Local\Programs\MiKTeX\tex/generic/xkeyval\xkvutils.tex
\XKV@toks=\toks22
\XKV@tempa@toks=\toks23
)
\XKV@depth=\count298
File: xkeyval.tex 2014/12/03 v2.7a key=value parser (HA)
))) (C:\Users\Admin\AppData\Local\Programs\MiKTeX\tex/latex/parskip\parskip.sty
Package: parskip 2021-03-14 v2.0h non-zero parskip adjustments
 (C:\Users\Admin\AppData\Local\Programs\MiKTeX\tex/latex/kvoptions\kvoptions.sty
Package: kvoptions 2022-06-15 v3.15 Key value format for package options (HO)
 (C:\Users\Admin\AppData\Local\Programs\MiKTeX\tex/generic/ltxcmds\ltxcmds.sty
Package: ltxcmds 2023-12-04 v1.26 LaTeX kernel commands for general use (HO)
) (C:\Users\Admin\AppData\Local\Programs\MiKTeX\tex/latex/kvsetkeys\kvsetkeys.sty
Package: kvsetkeys 2022-10-05 v1.19 Key value parser (HO)
))) (C:\Users\Admin\AppData\Local\Programs\MiKTeX\tex/latex/csquotes\csquotes.sty
Package: csquotes 2024-04-04 v5.2o context-sensitive quotations (JAW)
\csq@reset=\count299
\csq@gtype=\count300
\csq@glevel=\count301
\csq@qlevel=\count302
\csq@maxlvl=\count303
\csq@tshold=\count304
\csq@ltx@everypar=\toks24
 (C:\Users\Admin\AppData\Local\Programs\MiKTeX\tex/latex/csquotes\csquotes.def
File: csquotes.def 2024-04-04 v5.2o csquotes generic definitions (JAW)
)
Package csquotes Info: Trying to load configuration file 'csquotes.cfg'...
Package csquotes Info: ... configuration file loaded successfully.
 (C:\Users\Admin\AppData\Local\Programs\MiKTeX\tex/latex/csquotes\csquotes.cfg
File: csquotes.cfg 
)) (C:\Users\Admin\AppData\Local\Programs\MiKTeX\tex/latex/amsmath\amsmath.sty
Package: amsmath 2025/06/16 v2.17y AMS math features
\@mathmargin=\skip56

For additional information on amsmath, use the `?' option.
(C:\Users\Admin\AppData\Local\Programs\MiKTeX\tex/latex/amsmath\amstext.sty
Package: amstext 2024/11/17 v2.01 AMS text
 (C:\Users\Admin\AppData\Local\Programs\MiKTeX\tex/latex/amsmath\amsgen.sty
File: amsgen.sty 1999/11/30 v2.0 generic functions
\@emptytoks=\toks25
\ex@=\dimen167
)) (C:\Users\Admin\AppData\Local\Programs\MiKTeX\tex/latex/amsmath\amsbsy.sty
Package: amsbsy 1999/11/29 v1.2d Bold Symbols
\pmbraise@=\dimen168
) (C:\Users\Admin\AppData\Local\Programs\MiKTeX\tex/latex/amsmath\amsopn.sty
Package: amsopn 2022/04/08 v2.04 operator names
)
\inf@bad=\count305
LaTeX Info: Redefining \frac on input line 233.
\uproot@=\count306
\leftroot@=\count307
LaTeX Info: Redefining \overline on input line 398.
LaTeX Info: Redefining \colon on input line 409.
\classnum@=\count308
\DOTSCASE@=\count309
LaTeX Info: Redefining \ldots on input line 495.
LaTeX Info: Redefining \dots on input line 498.
LaTeX Info: Redefining \cdots on input line 619.
\Mathstrutbox@=\box55
\strutbox@=\box56
LaTeX Info: Redefining \big on input line 721.
LaTeX Info: Redefining \Big on input line 722.
LaTeX Info: Redefining \bigg on input line 723.
LaTeX Info: Redefining \Bigg on input line 724.
\big@size=\dimen169
LaTeX Font Info:    Redeclaring font encoding OML on input line 742.
LaTeX Font Info:    Redeclaring font encoding OMS on input line 743.
\macc@depth=\count310
LaTeX Info: Redefining \bmod on input line 904.
LaTeX Info: Redefining \pmod on input line 909.
LaTeX Info: Redefining \smash on input line 939.
LaTeX Info: Redefining \relbar on input line 969.
LaTeX Info: Redefining \Relbar on input line 970.
\c@MaxMatrixCols=\count311
\dotsspace@=\muskip18
\c@parentequation=\count312
\dspbrk@lvl=\count313
\tag@help=\toks26
\row@=\count314
\column@=\count315
\maxfields@=\count316
\andhelp@=\toks27
\eqnshift@=\dimen170
\alignsep@=\dimen171
\tagshift@=\dimen172
\tagwidth@=\dimen173
\totwidth@=\dimen174
\lineht@=\dimen175
\@envbody=\toks28
\multlinegap=\skip57
\multlinetaggap=\skip58
\mathdisplay@stack=\toks29
LaTeX Info: Redefining \[ on input line 2949.
LaTeX Info: Redefining \] on input line 2950.
) (C:\Users\Admin\AppData\Local\Programs\MiKTeX\tex/latex/amsfonts\amssymb.sty
Package: amssymb 2013/01/14 v3.01 AMS font symbols
 (C:\Users\Admin\AppData\Local\Programs\MiKTeX\tex/latex/amsfonts\amsfonts.sty
Package: amsfonts 2013/01/14 v3.01 Basic AMSFonts support
\symAMSa=\mathgroup4
\symAMSb=\mathgroup5
LaTeX Font Info:    Redeclaring math symbol \hbar on input line 98.
LaTeX Font Info:    Overwriting math alphabet `\mathfrak' in version `bold'
(Font)                  U/euf/m/n --> U/euf/b/n on input line 106.
)) (C:\Users\Admin\AppData\Local\Programs\MiKTeX\tex/latex/amscls\amsthm.sty
Package: amsthm 2020/05/29 v2.20.6
\thm@style=\toks30
\thm@bodyfont=\toks31
\thm@headfont=\toks32
\thm@notefont=\toks33
\thm@headpunct=\toks34
\thm@preskip=\skip59
\thm@postskip=\skip60
\thm@headsep=\skip61
\dth@everypar=\toks35
) (C:\Users\Admin\AppData\Local\Programs\MiKTeX\tex/latex/eurosym\eurosym.sty
Package: eurosym 1998/08/06 v1.1 European currency symbol ``Euro''
\@eurobox=\box57
) (C:\Users\Admin\AppData\Local\Programs\MiKTeX\tex/latex/mathtools\mathtools.sty
Package: mathtools 2024/10/04 v1.31 mathematical typesetting tools
 (C:\Users\Admin\AppData\Local\Programs\MiKTeX\tex/latex/mathtools\mhsetup.sty
Package: mhsetup 2021/03/18 v1.4 programming setup (MH)
)
\g_MT_multlinerow_int=\count317
\l_MT_multwidth_dim=\dimen176
\origjot=\skip62
\l_MT_shortvdotswithinadjustabove_dim=\dimen177
\l_MT_shortvdotswithinadjustbelow_dim=\dimen178
\l_MT_above_intertext_sep=\dimen179
\l_MT_below_intertext_sep=\dimen180
\l_MT_above_shortintertext_sep=\dimen181
\l_MT_below_shortintertext_sep=\dimen182
\xmathstrut@box=\box58
\xmathstrut@dim=\dimen183
) (C:\Users\Admin\AppData\Local\Programs\MiKTeX\tex/latex/siunitx\siunitx.sty
Package: siunitx 2025-07-09 v3.4.14 A comprehensive (SI) units package
\l__siunitx_number_uncert_offset_int=\count318
\l__siunitx_number_exponent_fixed_int=\count319
\l__siunitx_number_min_decimal_int=\count320
\l__siunitx_number_min_integer_int=\count321
\l__siunitx_number_round_precision_int=\count322
\l__siunitx_number_lower_threshold_int=\count323
\l__siunitx_number_upper_threshold_int=\count324
\l__siunitx_number_group_first_int=\count325
\l__siunitx_number_group_size_int=\count326
\l__siunitx_number_group_minimum_int=\count327
\l__siunitx_angle_tmp_dim=\dimen184
\l__siunitx_angle_marker_box=\box59
\l__siunitx_angle_unit_box=\box60
\l__siunitx_compound_count_int=\count328
 (C:\Users\Admin\AppData\Local\Programs\MiKTeX\tex/latex/translations\translations.sty
Package: translations 2022/02/05 v1.12 internationalization of LaTeX2e packages (CN)
 (C:\Users\Admin\AppData\Local\Programs\MiKTeX\tex/generic/pdftexcmds\pdftexcmds.sty
Package: pdftexcmds 2020-06-27 v0.33 Utility functions of pdfTeX for LuaTeX (HO)
 (C:\Users\Admin\AppData\Local\Programs\MiKTeX\tex/generic/infwarerr\infwarerr.sty
Package: infwarerr 2019/12/03 v1.5 Providing info/warning/error messages (HO)
)
Package pdftexcmds Info: \pdf@primitive is available.
Package pdftexcmds Info: \pdf@ifprimitive is available.
Package pdftexcmds Info: \pdfdraftmode found.
))
\l__siunitx_table_tmp_box=\box61
\l__siunitx_table_tmp_dim=\dimen185
\l__siunitx_table_column_width_dim=\dimen186
\l__siunitx_table_integer_box=\box62
\l__siunitx_table_decimal_box=\box63
\l__siunitx_table_uncert_box=\box64
\l__siunitx_table_before_box=\box65
\l__siunitx_table_after_box=\box66
\l__siunitx_table_before_dim=\dimen187
\l__siunitx_table_carry_dim=\dimen188
\l__siunitx_unit_tmp_int=\count329
\l__siunitx_unit_position_int=\count330
\l__siunitx_unit_total_int=\count331
 (C:\Users\Admin\AppData\Local\Programs\MiKTeX\tex/latex/tools\array.sty
Package: array 2025/06/08 v2.6j Tabular extension package (FMi)
\col@sep=\dimen189
\ar@mcellbox=\box67
\extrarowheight=\dimen190
\NC@list=\toks36
\extratabsurround=\skip63
\backup@length=\skip64
\ar@cellbox=\box68
)) (C:\Users\Admin\AppData\Local\Programs\MiKTeX\tex/latex/multirow\bigstrut.sty
Package: bigstrut 2024/11/12 v2.9 Provide larger struts in tabulars
\bigstrutjot=\dimen191
) (C:\Users\Admin\AppData\Local\Programs\MiKTeX\tex/latex/blkarray\blkarray.sty
Package: blkarray 2015/02/27 v0.07 Block array (dpc)
\c@BAenumi=\count332
\BA@col=\count333
\BA@block@cnt=\count334
\BA@final@box=\box69
\BA@first@box=\box70
\BA@colsep=\dimen192
\BA@ftn=\toks37
\BAextrarowheight=\dimen193
\BAextraheightafterhline=\dimen194
\BAarrayrulewidth=\dimen195
\BAdoublerulesep=\dimen196
\BAfootskip=\dimen197
\BA@dashbox=\box71
\BA@ddashbox=\box72
) (C:\Users\Admin\AppData\Local\Programs\MiKTeX\tex/latex/booktabs\booktabs.sty
Package: booktabs 2020/01/12 v1.61803398 Publication quality tables
\heavyrulewidth=\dimen198
\lightrulewidth=\dimen199
\cmidrulewidth=\dimen256
\belowrulesep=\dimen257
\belowbottomsep=\dimen258
\aboverulesep=\dimen259
\abovetopsep=\dimen260
\cmidrulesep=\dimen261
\cmidrulekern=\dimen262
\defaultaddspace=\dimen263
\@cmidla=\count335
\@cmidlb=\count336
\@aboverulesep=\dimen264
\@belowrulesep=\dimen265
\@thisruleclass=\count337
\@lastruleclass=\count338
\@thisrulewidth=\dimen266
) (C:\Users\Admin\AppData\Local\Programs\MiKTeX\tex/latex/enumitem\enumitem.sty
Package: enumitem 2025/02/06 v3.11 Customized lists
\labelindent=\skip65
\enit@outerparindent=\dimen267
\enit@toks=\toks38
\enit@inbox=\box73
\enit@count@id=\count339
\enitdp@description=\count340
) (C:\Users\Admin\AppData\Local\Programs\MiKTeX\tex/latex/gauss\gauss.sty
Package: gauss 2003/01/14
\g@trash=\box74
\g@matrixbox=\box75
\g@eastbox=\box76
\g@northbox=\box77
\g@label=\box78
\g@b@tmp=\box79
\g@b@tmpa=\box80
\g@b@tmpb=\box81
\g@maxrow=\count341
\g@maxcol=\count342
\g@maxrow@old=\count343
\g@maxcol@old=\count344
\g@c@tmp=\count345
\g@c@tmpa=\count346
\g@axisHeight=\dimen268
\g@linethickness=\dimen269
\g@tab=\dimen270
\g@arrowht=\dimen271
\g@arrowwd=\dimen272
\g@d@tmp=\dimen273
\g@d@tmpa=\dimen274
\g@d@tmpb=\dimen275
\g@d@tmpc=\dimen276
\g@d@tmpd=\dimen277
\g@d@tmpe=\dimen278
\g@loopCount=\count347
\g@loopEnd=\count348
\g@loopStep=\count349
\colarrowsep=\dimen279
\rowarrowsep=\dimen280
\opskip=\dimen281
\labelskip=\dimen282
\colopminsize=\dimen283
\rowopminsize=\dimen284
) (C:\Users\Admin\AppData\Local\Programs\MiKTeX\tex/latex/makecell\makecell.sty
Package: makecell 2009/08/03 V0.1e Managing of Tab Column Heads and Cells
\rotheadsize=\dimen285
\c@nlinenum=\count350
\TeXr@lab=\toks39
) (C:\Users\Admin\AppData\Local\Programs\MiKTeX\tex/latex/tools\multicol.sty
Package: multicol 2025/05/25 v2.0a multicolumn formatting (FMi)
\c@tracingmulticols=\count351
\mult@box=\box82
\multicol@leftmargin=\dimen286
\c@unbalance=\count352
\c@collectmore=\count353
\doublecol@number=\count354
\multicoltolerance=\count355
\multicolpretolerance=\count356
\full@width=\dimen287
\page@free=\dimen288
\premulticols=\dimen289
\postmulticols=\dimen290
\multicolsep=\skip66
\multicolbaselineskip=\skip67
\partial@page=\box83
\last@line=\box84
\mc@boxedresult=\box85
\maxbalancingoverflow=\dimen291
\mult@rightbox=\box86
\mult@grightbox=\box87
\mult@firstbox=\box88
\mult@gfirstbox=\box89
\@tempa=\box90
\@tempa=\box91
\@tempa=\box92
\@tempa=\box93
\@tempa=\box94
\@tempa=\box95
\@tempa=\box96
\@tempa=\box97
\@tempa=\box98
\@tempa=\box99
\@tempa=\box100
\@tempa=\box101
\@tempa=\box102
\@tempa=\box103
\@tempa=\box104
\@tempa=\box105
\@tempa=\box106
\@tempa=\box107
\@tempa=\box108
\@tempa=\box109
\@tempa=\box110
\@tempa=\box111
\@tempa=\box112
\@tempa=\box113
\@tempa=\box114
\@tempa=\box115
\@tempa=\box116
\@tempa=\box117
\@tempa=\box118
\@tempa=\box119
\@tempa=\box120
\@tempa=\box121
\@tempa=\box122
\@tempa=\box123
\@tempa=\box124
\@tempa=\box125
\c@minrows=\count357
\c@columnbadness=\count358
\c@finalcolumnbadness=\count359
\last@try=\dimen292
\multicolovershoot=\dimen293
\multicolundershoot=\dimen294
\mult@nat@firstbox=\box126
\colbreak@box=\box127
\mc@col@check@num=\count360
\g__mc_curr_col_int=\count361
) (C:\Users\Admin\AppData\Local\Programs\MiKTeX\tex/latex/multirow\multirow.sty
Package: multirow 2024/11/12 v2.9 Span multiple rows of a table
\multirow@colwidth=\skip68
\multirow@cntb=\count362
\multirow@dima=\skip69
) (C:\Users\Admin\AppData\Local\Programs\MiKTeX\tex/latex/tools\tabularx.sty
Package: tabularx 2023/12/11 v2.12a `tabularx' package (DPC)
\TX@col@width=\dimen295
\TX@old@table=\dimen296
\TX@old@col=\dimen297
\TX@target=\dimen298
\TX@delta=\dimen299
\TX@cols=\count363
\TX@ftn=\toks40
) (C:\Users\Admin\AppData\Local\Programs\MiKTeX\tex/latex/nicematrix\nicematrix.sty (C:\Users\Admin\AppData\Local\Programs\MiKTeX\tex/latex/pgf/basiclayer\pgfcore.sty (C:\Users\Admin\AppData\Local\Programs\MiKTeX\tex/latex/pgf/systemlayer\pgfsys.sty (C:\Users\Admin\AppData\Local\Programs\MiKTeX\tex/latex/pgf/utilities\pgfrcs.sty (C:\Users\Admin\AppData\Local\Programs\MiKTeX\tex/generic/pgf/utilities\pgfutil-common.tex
\pgfutil@everybye=\toks41
\pgfutil@tempdima=\dimen300
\pgfutil@tempdimb=\dimen301
) (C:\Users\Admin\AppData\Local\Programs\MiKTeX\tex/generic/pgf/utilities\pgfutil-latex.def
\pgfutil@abb=\box128
) (C:\Users\Admin\AppData\Local\Programs\MiKTeX\tex/generic/pgf/utilities\pgfrcs.code.tex (C:\Users\Admin\AppData\Local\Programs\MiKTeX\tex/generic/pgf\pgf.revision.tex)
Package: pgfrcs 2023-01-15 v3.1.10 (3.1.10)
)) (C:\Users\Admin\AppData\Local\Programs\MiKTeX\tex/generic/pgf/systemlayer\pgfsys.code.tex
Package: pgfsys 2023-01-15 v3.1.10 (3.1.10)
 (C:\Users\Admin\AppData\Local\Programs\MiKTeX\tex/generic/pgf/utilities\pgfkeys.code.tex
\pgfkeys@pathtoks=\toks42
\pgfkeys@temptoks=\toks43
 (C:\Users\Admin\AppData\Local\Programs\MiKTeX\tex/generic/pgf/utilities\pgfkeyslibraryfiltered.code.tex
\pgfkeys@tmptoks=\toks44
))
\pgf@x=\dimen302
\pgf@y=\dimen303
\pgf@xa=\dimen304
\pgf@ya=\dimen305
\pgf@xb=\dimen306
\pgf@yb=\dimen307
\pgf@xc=\dimen308
\pgf@yc=\dimen309
\pgf@xd=\dimen310
\pgf@yd=\dimen311
\w@pgf@writea=\write3
\r@pgf@reada=\read3
\c@pgf@counta=\count364
\c@pgf@countb=\count365
\c@pgf@countc=\count366
\c@pgf@countd=\count367
\t@pgf@toka=\toks45
\t@pgf@tokb=\toks46
\t@pgf@tokc=\toks47
\pgf@sys@id@count=\count368
 (C:\Users\Admin\AppData\Local\Programs\MiKTeX\tex/generic/pgf/systemlayer\pgf.cfg
File: pgf.cfg 2023-01-15 v3.1.10 (3.1.10)
)
Driver file for pgf: pgfsys-pdftex.def
 (C:\Users\Admin\AppData\Local\Programs\MiKTeX\tex/generic/pgf/systemlayer\pgfsys-pdftex.def
File: pgfsys-pdftex.def 2023-01-15 v3.1.10 (3.1.10)
 (C:\Users\Admin\AppData\Local\Programs\MiKTeX\tex/generic/pgf/systemlayer\pgfsys-common-pdf.def
File: pgfsys-common-pdf.def 2023-01-15 v3.1.10 (3.1.10)
))) (C:\Users\Admin\AppData\Local\Programs\MiKTeX\tex/generic/pgf/systemlayer\pgfsyssoftpath.code.tex
File: pgfsyssoftpath.code.tex 2023-01-15 v3.1.10 (3.1.10)
\pgfsyssoftpath@smallbuffer@items=\count369
\pgfsyssoftpath@bigbuffer@items=\count370
) (C:\Users\Admin\AppData\Local\Programs\MiKTeX\tex/generic/pgf/systemlayer\pgfsysprotocol.code.tex
File: pgfsysprotocol.code.tex 2023-01-15 v3.1.10 (3.1.10)
)) (C:\Users\Admin\AppData\Local\Programs\MiKTeX\tex/generic/pgf/basiclayer\pgfcore.code.tex
Package: pgfcore 2023-01-15 v3.1.10 (3.1.10)
 (C:\Users\Admin\AppData\Local\Programs\MiKTeX\tex/generic/pgf/math\pgfmath.code.tex (C:\Users\Admin\AppData\Local\Programs\MiKTeX\tex/generic/pgf/math\pgfmathutil.code.tex) (C:\Users\Admin\AppData\Local\Programs\MiKTeX\tex/generic/pgf/math\pgfmathparser.code.tex
\pgfmath@dimen=\dimen312
\pgfmath@count=\count371
\pgfmath@box=\box129
\pgfmath@toks=\toks48
\pgfmath@stack@operand=\toks49
\pgfmath@stack@operation=\toks50
) (C:\Users\Admin\AppData\Local\Programs\MiKTeX\tex/generic/pgf/math\pgfmathfunctions.code.tex) (C:\Users\Admin\AppData\Local\Programs\MiKTeX\tex/generic/pgf/math\pgfmathfunctions.basic.code.tex) (C:\Users\Admin\AppData\Local\Programs\MiKTeX\tex/generic/pgf/math\pgfmathfunctions.trigonometric.code.tex) (C:\Users\Admin\AppData\Local\Programs\MiKTeX\tex/generic/pgf/math\pgfmathfunctions.random.code.tex) (C:\Users\Admin\AppData\Local\Programs\MiKTeX\tex/generic/pgf/math\pgfmathfunctions.comparison.code.tex) (C:\Users\Admin\AppData\Local\Programs\MiKTeX\tex/generic/pgf/math\pgfmathfunctions.base.code.tex) (C:\Users\Admin\AppData\Local\Programs\MiKTeX\tex/generic/pgf/math\pgfmathfunctions.round.code.tex) (C:\Users\Admin\AppData\Local\Programs\MiKTeX\tex/generic/pgf/math\pgfmathfunctions.misc.code.tex) (C:\Users\Admin\AppData\Local\Programs\MiKTeX\tex/generic/pgf/math\pgfmathfunctions.integerarithmetics.code.tex) (C:\Users\Admin\AppData\Local\Programs\MiKTeX\tex/generic/pgf/math\pgfmathcalc.code.tex) (C:\Users\Admin\AppData\Local\Programs\MiKTeX\tex/generic/pgf/math\pgfmathfloat.code.tex
\c@pgfmathroundto@lastzeros=\count372
)) (C:\Users\Admin\AppData\Local\Programs\MiKTeX\tex/generic/pgf/math\pgfint.code.tex) (C:\Users\Admin\AppData\Local\Programs\MiKTeX\tex/generic/pgf/basiclayer\pgfcorepoints.code.tex
File: pgfcorepoints.code.tex 2023-01-15 v3.1.10 (3.1.10)
\pgf@picminx=\dimen313
\pgf@picmaxx=\dimen314
\pgf@picminy=\dimen315
\pgf@picmaxy=\dimen316
\pgf@pathminx=\dimen317
\pgf@pathmaxx=\dimen318
\pgf@pathminy=\dimen319
\pgf@pathmaxy=\dimen320
\pgf@xx=\dimen321
\pgf@xy=\dimen322
\pgf@yx=\dimen323
\pgf@yy=\dimen324
\pgf@zx=\dimen325
\pgf@zy=\dimen326
) (C:\Users\Admin\AppData\Local\Programs\MiKTeX\tex/generic/pgf/basiclayer\pgfcorepathconstruct.code.tex
File: pgfcorepathconstruct.code.tex 2023-01-15 v3.1.10 (3.1.10)
\pgf@path@lastx=\dimen327
\pgf@path@lasty=\dimen328
) (C:\Users\Admin\AppData\Local\Programs\MiKTeX\tex/generic/pgf/basiclayer\pgfcorepathusage.code.tex
File: pgfcorepathusage.code.tex 2023-01-15 v3.1.10 (3.1.10)
\pgf@shorten@end@additional=\dimen329
\pgf@shorten@start@additional=\dimen330
) (C:\Users\Admin\AppData\Local\Programs\MiKTeX\tex/generic/pgf/basiclayer\pgfcorescopes.code.tex
File: pgfcorescopes.code.tex 2023-01-15 v3.1.10 (3.1.10)
\pgfpic=\box130
\pgf@hbox=\box131
\pgf@layerbox@main=\box132
\pgf@picture@serial@count=\count373
) (C:\Users\Admin\AppData\Local\Programs\MiKTeX\tex/generic/pgf/basiclayer\pgfcoregraphicstate.code.tex
File: pgfcoregraphicstate.code.tex 2023-01-15 v3.1.10 (3.1.10)
\pgflinewidth=\dimen331
) (C:\Users\Admin\AppData\Local\Programs\MiKTeX\tex/generic/pgf/basiclayer\pgfcoretransformations.code.tex
File: pgfcoretransformations.code.tex 2023-01-15 v3.1.10 (3.1.10)
\pgf@pt@x=\dimen332
\pgf@pt@y=\dimen333
\pgf@pt@temp=\dimen334
) (C:\Users\Admin\AppData\Local\Programs\MiKTeX\tex/generic/pgf/basiclayer\pgfcorequick.code.tex
File: pgfcorequick.code.tex 2023-01-15 v3.1.10 (3.1.10)
) (C:\Users\Admin\AppData\Local\Programs\MiKTeX\tex/generic/pgf/basiclayer\pgfcoreobjects.code.tex
File: pgfcoreobjects.code.tex 2023-01-15 v3.1.10 (3.1.10)
) (C:\Users\Admin\AppData\Local\Programs\MiKTeX\tex/generic/pgf/basiclayer\pgfcorepathprocessing.code.tex
File: pgfcorepathprocessing.code.tex 2023-01-15 v3.1.10 (3.1.10)
) (C:\Users\Admin\AppData\Local\Programs\MiKTeX\tex/generic/pgf/basiclayer\pgfcorearrows.code.tex
File: pgfcorearrows.code.tex 2023-01-15 v3.1.10 (3.1.10)
\pgfarrowsep=\dimen335
) (C:\Users\Admin\AppData\Local\Programs\MiKTeX\tex/generic/pgf/basiclayer\pgfcoreshade.code.tex
File: pgfcoreshade.code.tex 2023-01-15 v3.1.10 (3.1.10)
\pgf@max=\dimen336
\pgf@sys@shading@range@num=\count374
\pgf@shadingcount=\count375
) (C:\Users\Admin\AppData\Local\Programs\MiKTeX\tex/generic/pgf/basiclayer\pgfcoreimage.code.tex
File: pgfcoreimage.code.tex 2023-01-15 v3.1.10 (3.1.10)
) (C:\Users\Admin\AppData\Local\Programs\MiKTeX\tex/generic/pgf/basiclayer\pgfcoreexternal.code.tex
File: pgfcoreexternal.code.tex 2023-01-15 v3.1.10 (3.1.10)
\pgfexternal@startupbox=\box133
) (C:\Users\Admin\AppData\Local\Programs\MiKTeX\tex/generic/pgf/basiclayer\pgfcorelayers.code.tex
File: pgfcorelayers.code.tex 2023-01-15 v3.1.10 (3.1.10)
) (C:\Users\Admin\AppData\Local\Programs\MiKTeX\tex/generic/pgf/basiclayer\pgfcoretransparency.code.tex
File: pgfcoretransparency.code.tex 2023-01-15 v3.1.10 (3.1.10)
) (C:\Users\Admin\AppData\Local\Programs\MiKTeX\tex/generic/pgf/basiclayer\pgfcorepatterns.code.tex
File: pgfcorepatterns.code.tex 2023-01-15 v3.1.10 (3.1.10)
) (C:\Users\Admin\AppData\Local\Programs\MiKTeX\tex/generic/pgf/basiclayer\pgfcorerdf.code.tex
File: pgfcorerdf.code.tex 2023-01-15 v3.1.10 (3.1.10)
))) (C:\Users\Admin\AppData\Local\Programs\MiKTeX\tex/generic/pgf/modules\pgfmoduleshapes.code.tex
File: pgfmoduleshapes.code.tex 2023-01-15 v3.1.10 (3.1.10)
\pgfnodeparttextbox=\box134
)
Package: nicematrix 2025/08/05 v7.2 Enhanced arrays with the help of PGF/TikZ
\l__nicematrix_tmpc_dim=\dimen337
\l__nicematrix_tmpd_dim=\dimen338
\l__nicematrix_tmpe_dim=\dimen339
\l__nicematrix_tmpf_dim=\dimen340
\l__nicematrix_tmpc_int=\count376
\g__nicematrix_env_int=\count377
\g__nicematrix_NiceMatrixBlock_int=\count378
\g__nicematrix_notes_caption_int=\count379
\l__nicematrix_columns_width_dim=\dimen341
\l__nicematrix_col_width_dim=\dimen342
\g__nicematrix_row_total_int=\count380
\g__nicematrix_col_total_int=\count381
\g__nicematrix_last_row_node_int=\count382
\l__nicematrix_key_nb_rows_int=\count383
\g__nicematrix_blocks_wd_dim=\dimen343
\g__nicematrix_blocks_ht_dim=\dimen344
\g__nicematrix_blocks_dp_dim=\dimen345
\l__nicematrix_width_dim=\dimen346
\l__nicematrix_tabular_width_dim=\dimen347
\l__nicematrix_rule_width_dim=\dimen348
\l__nicematrix_old_iRow_int=\count384
\l__nicematrix_old_jCol_int=\count385
\l__nicematrix_X_columns_dim=\dimen349
\l__nicematrix_x_initial_dim=\dimen350
\l__nicematrix_y_initial_dim=\dimen351
\l__nicematrix_x_final_dim=\dimen352
\l__nicematrix_y_final_dim=\dimen353
\g__nicematrix_dp_row_zero_dim=\dimen354
\g__nicematrix_ht_row_zero_dim=\dimen355
\g__nicematrix_ht_row_one_dim=\dimen356
\g__nicematrix_dp_ante_last_row_dim=\dimen357
\g__nicematrix_ht_last_row_dim=\dimen358
\g__nicematrix_dp_last_row_dim=\dimen359
\g__nicematrix_width_last_col_dim=\dimen360
\g__nicematrix_width_first_col_dim=\dimen361
\g__nicematrix_ddots_int=\count386
\g__nicematrix_iddots_int=\count387
\g__nicematrix_delta_x_one_dim=\dimen362
\g__nicematrix_delta_y_one_dim=\dimen363
\g__nicematrix_delta_x_two_dim=\dimen364
\g__nicematrix_delta_y_two_dim=\dimen365
\l__nicematrix_row_min_int=\count388
\l__nicematrix_row_max_int=\count389
\l__nicematrix_col_min_int=\count390
\l__nicematrix_col_max_int=\count391
\l__nicematrix_initial_i_int=\count392
\l__nicematrix_initial_j_int=\count393
\l__nicematrix_final_i_int=\count394
\l__nicematrix_final_j_int=\count395
\l__nicematrix_start_int=\count396
\l__nicematrix_end_int=\count397
\l__nicematrix_local_start_int=\count398
\l__nicematrix_local_end_int=\count399
\g__nicematrix_static_num_of_col_int=\count400
\l__nicematrix_rounded_corners_dim=\dimen366
\l__nicematrix_tab_rounded_corners_dim=\dimen367
\l__nicematrix_offset_dim=\dimen368
\l__nicematrix_line_width_dim=\dimen369
\g__nicematrix_block_box_int=\count401
\l__nicematrix_submatrix_extra_height_dim=\dimen370
\l__nicematrix_submatrix_left_xshift_dim=\dimen371
\l__nicematrix_submatrix_right_xshift_dim=\dimen372
\l__nicematrix_first_row_int=\count402
\l__nicematrix_first_col_int=\count403
\l__nicematrix_last_row_int=\count404
\l__nicematrix_last_col_int=\count405
\c@tabularnote=\count406
\g__nicematrix_tabularnote_int=\count407
\c@nicematrix_draft=\count408
\l__nicematrix_cell_space_top_limit_dim=\dimen373
\l__nicematrix_cell_space_bottom_limit_dim=\dimen374
\l__nicematrix_xdots_inter_dim=\dimen375
\l__nicematrix_xdots_shorten_start_dim=\dimen376
\l__nicematrix_xdots_shorten_end_dim=\dimen377
\l__nicematrix_xdots_radius_dim=\dimen378
\l__nicematrix_left_margin_dim=\dimen379
\l__nicematrix_right_margin_dim=\dimen380
\l__nicematrix_extra_left_margin_dim=\dimen381
\l__nicematrix_extra_right_margin_dim=\dimen382
\c__nicematrix_max_l_dim=\dimen383
\l__nicematrix_position_int=\count409
\l__nicematrix_multiplicity_int=\count410
\l__nicematrix_brace_yshift_dim=\dimen384
) (C:\Users\Admin\AppData\Local\Programs\MiKTeX\tex/latex/tools\longtable.sty
Package: longtable 2024-12-18 v4.23 Multi-page Table package (DPC)
\LTleft=\skip70
\LTright=\skip71
\LTpre=\skip72
\LTpost=\skip73
\LTchunksize=\count411
\LTcapwidth=\dimen385
\LT@head=\box135
\LT@firsthead=\box136
\LT@foot=\box137
\LT@lastfoot=\box138
\LT@gbox=\box139
\LT@cols=\count412
\LT@rows=\count413
\c@LT@tables=\count414
\c@LT@chunks=\count415
\LT@p@ftn=\toks51
) (C:\Users\Admin\AppData\Local\Programs\MiKTeX\tex/latex/colortbl\colortbl.sty
Package: colortbl 2024/10/29 v1.0k Color table columns (DPC)
\everycr=\toks52
\minrowclearance=\skip74
\rownum=\count416
) (C:\Users\Admin\AppData\Local\Programs\MiKTeX\tex/latex/graphics\dvipsnam.def
File: dvipsnam.def 2016/06/17 v3.0m Driver-dependent file (DPC,SPQR)
) (C:\Users\Admin\AppData\Local\Programs\MiKTeX\tex/latex/float\float.sty
Package: float 2001/11/08 v1.3d Float enhancements (AL)
\c@float@type=\count417
\float@exts=\toks53
\float@box=\box140
\@float@everytoks=\toks54
\@floatcapt=\box141
) (C:\Users\Admin\AppData\Local\Programs\MiKTeX\tex/latex/caption\caption.sty
Package: caption 2023/08/05 v3.6o Customizing captions (AR)
 (C:\Users\Admin\AppData\Local\Programs\MiKTeX\tex/latex/caption\caption3.sty
Package: caption3 2023/07/31 v2.4d caption3 kernel (AR)
\caption@tempdima=\dimen386
\captionmargin=\dimen387
\caption@leftmargin=\dimen388
\caption@rightmargin=\dimen389
\caption@width=\dimen390
\caption@indent=\dimen391
\caption@parindent=\dimen392
\caption@hangindent=\dimen393
Package caption Info: Standard document class detected.
)
\c@caption@flags=\count418
\c@continuedfloat=\count419
Package caption Info: float package is loaded.
Package caption Info: longtable package is loaded.
 (C:\Users\Admin\AppData\Local\Programs\MiKTeX\tex/latex/caption\ltcaption.sty
Package: ltcaption 2021/01/08 v1.4c longtable captions (AR)
)) (C:\Users\Admin\AppData\Local\Programs\MiKTeX\tex/latex/tcolorbox\tcolorbox.sty
Package: tcolorbox 2025/07/08 version 6.7.1 text color boxes
 (C:\Users\Admin\AppData\Local\Programs\MiKTeX\tex/latex/pgf/frontendlayer\tikz.sty (C:\Users\Admin\AppData\Local\Programs\MiKTeX\tex/latex/pgf/basiclayer\pgf.sty
Package: pgf 2023-01-15 v3.1.10 (3.1.10)
 (C:\Users\Admin\AppData\Local\Programs\MiKTeX\tex/generic/pgf/modules\pgfmoduleplot.code.tex
File: pgfmoduleplot.code.tex 2023-01-15 v3.1.10 (3.1.10)
) (C:\Users\Admin\AppData\Local\Programs\MiKTeX\tex/latex/pgf/compatibility\pgfcomp-version-0-65.sty
Package: pgfcomp-version-0-65 2023-01-15 v3.1.10 (3.1.10)
\pgf@nodesepstart=\dimen394
\pgf@nodesepend=\dimen395
) (C:\Users\Admin\AppData\Local\Programs\MiKTeX\tex/latex/pgf/compatibility\pgfcomp-version-1-18.sty
Package: pgfcomp-version-1-18 2023-01-15 v3.1.10 (3.1.10)
)) (C:\Users\Admin\AppData\Local\Programs\MiKTeX\tex/latex/pgf/utilities\pgffor.sty (C:\Users\Admin\AppData\Local\Programs\MiKTeX\tex/latex/pgf/utilities\pgfkeys.sty (C:\Users\Admin\AppData\Local\Programs\MiKTeX\tex/generic/pgf/utilities\pgfkeys.code.tex)) (C:\Users\Admin\AppData\Local\Programs\MiKTeX\tex/latex/pgf/math\pgfmath.sty (C:\Users\Admin\AppData\Local\Programs\MiKTeX\tex/generic/pgf/math\pgfmath.code.tex)) (C:\Users\Admin\AppData\Local\Programs\MiKTeX\tex/generic/pgf/utilities\pgffor.code.tex
Package: pgffor 2023-01-15 v3.1.10 (3.1.10)
\pgffor@iter=\dimen396
\pgffor@skip=\dimen397
\pgffor@stack=\toks55
\pgffor@toks=\toks56
)) (C:\Users\Admin\AppData\Local\Programs\MiKTeX\tex/generic/pgf/frontendlayer/tikz\tikz.code.tex
Package: tikz 2023-01-15 v3.1.10 (3.1.10)
 (C:\Users\Admin\AppData\Local\Programs\MiKTeX\tex/generic/pgf/libraries\pgflibraryplothandlers.code.tex
File: pgflibraryplothandlers.code.tex 2023-01-15 v3.1.10 (3.1.10)
\pgf@plot@mark@count=\count420
\pgfplotmarksize=\dimen398
)
\tikz@lastx=\dimen399
\tikz@lasty=\dimen400
\tikz@lastxsaved=\dimen401
\tikz@lastysaved=\dimen402
\tikz@lastmovetox=\dimen403
\tikz@lastmovetoy=\dimen404
\tikzleveldistance=\dimen405
\tikzsiblingdistance=\dimen406
\tikz@figbox=\box142
\tikz@figbox@bg=\box143
\tikz@tempbox=\box144
\tikz@tempbox@bg=\box145
\tikztreelevel=\count421
\tikznumberofchildren=\count422
\tikznumberofcurrentchild=\count423
\tikz@fig@count=\count424
 (C:\Users\Admin\AppData\Local\Programs\MiKTeX\tex/generic/pgf/modules\pgfmodulematrix.code.tex
File: pgfmodulematrix.code.tex 2023-01-15 v3.1.10 (3.1.10)
\pgfmatrixcurrentrow=\count425
\pgfmatrixcurrentcolumn=\count426
\pgf@matrix@numberofcolumns=\count427
)
\tikz@expandcount=\count428
 (C:\Users\Admin\AppData\Local\Programs\MiKTeX\tex/generic/pgf/frontendlayer/tikz/libraries\tikzlibrarytopaths.code.tex
File: tikzlibrarytopaths.code.tex 2023-01-15 v3.1.10 (3.1.10)
))) (C:\Users\Admin\AppData\Local\Programs\MiKTeX\tex/latex/tools\verbatim.sty
Package: verbatim 2024-01-22 v1.5x LaTeX2e package for verbatim enhancements
\every@verbatim=\toks57
\verbatim@line=\toks58
\verbatim@in@stream=\read4
) (C:\Users\Admin\AppData\Local\Programs\MiKTeX\tex/latex/environ\environ.sty
Package: environ 2014/05/04 v0.3 A new way to define environments
 (C:\Users\Admin\AppData\Local\Programs\MiKTeX\tex/latex/trimspaces\trimspaces.sty
Package: trimspaces 2009/09/17 v1.1 Trim spaces around a token list
))
\tcb@titlebox=\box146
\tcb@upperbox=\box147
\tcb@lowerbox=\box148
\tcb@phantombox=\box149
\c@tcbbreakpart=\count429
\c@tcblayer=\count430
\c@tcolorbox@number=\count431
\l__tcobox_tmpa_box=\box150
\l__tcobox_tmpa_dim=\dimen407
\tcb@temp=\box151
\tcb@temp=\box152
\tcb@temp=\box153
\tcb@temp=\box154
 (C:\Users\Admin\AppData\Local\Programs\MiKTeX\tex/latex/tcolorbox\tcbraster.code.tex
Library (tcolorbox): 'tcbraster.code.tex' version '6.7.1'
\c@tcbrastercolumn=\count432
\c@tcbrasterrow=\count433
\c@tcbrasternum=\count434
\c@tcbraster=\count435
) (C:\Users\Admin\AppData\Local\Programs\MiKTeX\tex/latex/tcolorbox\tcbskins.code.tex
Library (tcolorbox): 'tcbskins.code.tex' version '6.7.1'
(C:\Users\Admin\AppData\Local\Programs\MiKTeX\tex/latex/tikzfill\tikzfill.image.sty
Package: tikzfill.image 2023/08/08 v1.0.1 Image filling library for TikZ
 (C:\Users\Admin\AppData\Local\Programs\MiKTeX\tex/latex/tikzfill\tikzfill-common.sty
Package: tikzfill-common 2023/08/08 v1.0.1 Auxiliary code for tikzfill
) (C:\Users\Admin\AppData\Local\Programs\MiKTeX\tex/latex/tikzfill\tikzlibraryfill.image.code.tex
File: tikzlibraryfill.image.code.tex 2023/08/08 v1.0.1 Image filling library
\l__tikzfill_img_box=\box155
)) (C:\Users\Admin\AppData\Local\Programs\MiKTeX\tex/latex/tcolorbox\tcbskinsjigsaw.code.tex
Library (tcolorbox): 'tcbskinsjigsaw.code.tex' version '6.7.1'
)) (C:\Users\Admin\AppData\Local\Programs\MiKTeX\tex/latex/tcolorbox\tcbbreakable.code.tex
Library (tcolorbox): 'tcbbreakable.code.tex' version '6.7.1'
(C:\Users\Admin\AppData\Local\Programs\MiKTeX\tex/latex/pdfcol\pdfcol.sty
Package: pdfcol 2022-09-21 v1.7 Handle new color stacks for pdfTeX (HO)
)
Package pdfcol Info: New color stack `tcb@breakable' = 1 on input line 23.
\tcb@testbox=\box156
\tcb@totalupperbox=\box157
\tcb@totallowerbox=\box158
) (C:\Users\Admin\AppData\Local\Programs\MiKTeX\tex/latex/tcolorbox\tcbhooks.code.tex
Library (tcolorbox): 'tcbhooks.code.tex' version '6.7.1'
) (C:\Users\Admin\AppData\Local\Programs\MiKTeX\tex/latex/tcolorbox\tcbtheorems.code.tex
Library (tcolorbox): 'tcbtheorems.code.tex' version '6.7.1'
) (C:\Users\Admin\AppData\Local\Programs\MiKTeX\tex/latex/tcolorbox\tcbfitting.code.tex
Library (tcolorbox): 'tcbfitting.code.tex' version '6.7.1'
\tcbfitdim=\dimen408
\tcb@lowerfitdim=\dimen409
\tcb@upperfitdim=\dimen410
\tcb@cur@hbadness=\count436
)) (C:\Users\Admin\AppData\Local\Programs\MiKTeX\tex/latex/tikz-cd\tikz-cd.sty
Package: tikz-cd 2021/05/04 v1.0 Commutative diagrams with TikZ
 (C:\Users\Admin\AppData\Local\Programs\MiKTeX\tex/latex/tikz-cd\tikzlibrarycd.code.tex (C:\Users\Admin\AppData\Local\Programs\MiKTeX\tex/generic/pgf/frontendlayer/tikz/libraries\tikzlibrarymatrix.code.tex
File: tikzlibrarymatrix.code.tex 2023-01-15 v3.1.10 (3.1.10)
) (C:\Users\Admin\AppData\Local\Programs\MiKTeX\tex/generic/pgf/frontendlayer/tikz/libraries\tikzlibraryquotes.code.tex
File: tikzlibraryquotes.code.tex 2023-01-15 v3.1.10 (3.1.10)
) (C:\Users\Admin\AppData\Local\Programs\MiKTeX\tex/generic/pgf/libraries\pgflibraryarrows.meta.code.tex
File: pgflibraryarrows.meta.code.tex 2023-01-15 v3.1.10 (3.1.10)
\pgfarrowinset=\dimen411
\pgfarrowlength=\dimen412
\pgfarrowwidth=\dimen413
\pgfarrowlinewidth=\dimen414
))) (C:\Users\Admin\AppData\Local\Programs\MiKTeX\tex/latex/pgfplots\pgfplots.sty (C:\Users\Admin\AppData\Local\Programs\MiKTeX\tex/generic/pgfplots\pgfplots.revision.tex)
Package: pgfplots 2021/05/15 v1.18.1 Data Visualization (1.18.1)
 (C:\Users\Admin\AppData\Local\Programs\MiKTeX\tex/generic/pgfplots\pgfplots.code.tex (C:\Users\Admin\AppData\Local\Programs\MiKTeX\tex/generic/pgfplots\pgfplotscore.code.tex
\t@pgfplots@toka=\toks59
\t@pgfplots@tokb=\toks60
\t@pgfplots@tokc=\toks61
\pgfplots@tmpa=\dimen415
\c@pgfplots@coordindex=\count437
\c@pgfplots@scanlineindex=\count438
 (C:\Users\Admin\AppData\Local\Programs\MiKTeX\tex/generic/pgfplots/sys\pgfplotssysgeneric.code.tex)) (C:\Users\Admin\AppData\Local\Programs\MiKTeX\tex/generic/pgfplots/libs\pgfplotslibrary.code.tex) (C:\Users\Admin\AppData\Local\Programs\MiKTeX\tex/generic/pgfplots/oldpgfcompatib\pgfplotsoldpgfsupp_loader.code.tex (C:\Users\Admin\AppData\Local\Programs\MiKTeX\tex/generic/pgf/libraries\pgflibraryfpu.code.tex)
Package pgfplots: loading complementary utilities for your pgf version...
\t@pgf@toka=\toks62
\t@pgf@tokb=\toks63
\t@pgf@tokc=\toks64
(C:\Users\Admin\AppData\Local\Programs\MiKTeX\tex/generic/pgfplots/oldpgfcompatib\pgfplotsoldpgfsupp_pgfutil-common-lists.tex)) (C:\Users\Admin\AppData\Local\Programs\MiKTeX\tex/generic/pgfplots/util\pgfplotsutil.code.tex (C:\Users\Admin\AppData\Local\Programs\MiKTeX\tex/generic/pgfplots/liststructure\pgfplotsliststructure.code.tex) (C:\Users\Admin\AppData\Local\Programs\MiKTeX\tex/generic/pgfplots/liststructure\pgfplotsliststructureext.code.tex) (C:\Users\Admin\AppData\Local\Programs\MiKTeX\tex/generic/pgfplots/liststructure\pgfplotsarray.code.tex
\c@pgfplotsarray@tmp=\count439
) (C:\Users\Admin\AppData\Local\Programs\MiKTeX\tex/generic/pgfplots/liststructure\pgfplotsmatrix.code.tex) (C:\Users\Admin\AppData\Local\Programs\MiKTeX\tex/generic/pgfplots/numtable\pgfplotstableshared.code.tex
\c@pgfplotstable@counta=\count440
\t@pgfplotstable@a=\toks65
) (C:\Users\Admin\AppData\Local\Programs\MiKTeX\tex/generic/pgfplots/liststructure\pgfplotsdeque.code.tex) (C:\Users\Admin\AppData\Local\Programs\MiKTeX\tex/generic/pgfplots/util\pgfplotsbinary.code.tex (C:\Users\Admin\AppData\Local\Programs\MiKTeX\tex/generic/pgfplots/util\pgfplotsbinary.data.code.tex)) (C:\Users\Admin\AppData\Local\Programs\MiKTeX\tex/generic/pgfplots/util\pgfplotsutil.verb.code.tex) (C:\Users\Admin\AppData\Local\Programs\MiKTeX\tex/generic/pgfplots/libs\pgflibrarypgfplots.surfshading.code.tex
\c@pgfplotslibrarysurf@no=\count441
 (C:\Users\Admin\AppData\Local\Programs\MiKTeX\tex/generic/pgfplots/sys\pgflibrarypgfplots.surfshading.pgfsys-pdftex.def))) (C:\Users\Admin\AppData\Local\Programs\MiKTeX\tex/generic/pgfplots/util\pgfplotscolormap.code.tex (C:\Users\Admin\AppData\Local\Programs\MiKTeX\tex/generic/pgfplots/util\pgfplotscolor.code.tex)) (C:\Users\Admin\AppData\Local\Programs\MiKTeX\tex/generic/pgfplots\pgfplotsstackedplots.code.tex) (C:\Users\Admin\AppData\Local\Programs\MiKTeX\tex/generic/pgfplots\pgfplotsplothandlers.code.tex (C:\Users\Admin\AppData\Local\Programs\MiKTeX\tex/generic/pgfplots\pgfplotsmeshplothandler.code.tex (C:\Users\Admin\AppData\Local\Programs\MiKTeX\tex/generic/pgfplots\pgfplotsmeshplotimage.code.tex))) (C:\Users\Admin\AppData\Local\Programs\MiKTeX\tex/generic/pgfplots\pgfplots.scaling.code.tex) (C:\Users\Admin\AppData\Local\Programs\MiKTeX\tex/generic/pgfplots\pgfplotscoordprocessing.code.tex) (C:\Users\Admin\AppData\Local\Programs\MiKTeX\tex/generic/pgfplots\pgfplots.errorbars.code.tex) (C:\Users\Admin\AppData\Local\Programs\MiKTeX\tex/generic/pgfplots\pgfplots.markers.code.tex) (C:\Users\Admin\AppData\Local\Programs\MiKTeX\tex/generic/pgfplots\pgfplotsticks.code.tex) (C:\Users\Admin\AppData\Local\Programs\MiKTeX\tex/generic/pgfplots\pgfplots.paths.code.tex) (C:\Users\Admin\AppData\Local\Programs\MiKTeX\tex/generic/pgf/frontendlayer/tikz/libraries\tikzlibrarydecorations.code.tex (C:\Users\Admin\AppData\Local\Programs\MiKTeX\tex/generic/pgf/modules\pgfmoduledecorations.code.tex
\pgfdecoratedcompleteddistance=\dimen416
\pgfdecoratedremainingdistance=\dimen417
\pgfdecoratedinputsegmentcompleteddistance=\dimen418
\pgfdecoratedinputsegmentremainingdistance=\dimen419
\pgf@decorate@distancetomove=\dimen420
\pgf@decorate@repeatstate=\count442
\pgfdecorationsegmentamplitude=\dimen421
\pgfdecorationsegmentlength=\dimen422
)
\tikz@lib@dec@box=\box159
) (C:\Users\Admin\AppData\Local\Programs\MiKTeX\tex/generic/pgf/frontendlayer/tikz/libraries\tikzlibrarydecorations.pathmorphing.code.tex (C:\Users\Admin\AppData\Local\Programs\MiKTeX\tex/generic/pgf/libraries/decorations\pgflibrarydecorations.pathmorphing.code.tex)) (C:\Users\Admin\AppData\Local\Programs\MiKTeX\tex/generic/pgf/frontendlayer/tikz/libraries\tikzlibrarydecorations.pathreplacing.code.tex (C:\Users\Admin\AppData\Local\Programs\MiKTeX\tex/generic/pgf/libraries/decorations\pgflibrarydecorations.pathreplacing.code.tex)) (C:\Users\Admin\AppData\Local\Programs\MiKTeX\tex/generic/pgfplots/libs\tikzlibrarypgfplots.contourlua.code.tex)
\pgfplots@numplots=\count443
\pgfplots@xmin@reg=\dimen423
\pgfplots@xmax@reg=\dimen424
\pgfplots@ymin@reg=\dimen425
\pgfplots@ymax@reg=\dimen426
\pgfplots@zmin@reg=\dimen427
\pgfplots@zmax@reg=\dimen428
) (C:\Users\Admin\AppData\Local\Programs\MiKTeX\tex/generic/pgf/frontendlayer/tikz/libraries\tikzlibraryplotmarks.code.tex
File: tikzlibraryplotmarks.code.tex 2023-01-15 v3.1.10 (3.1.10)
 (C:\Users\Admin\AppData\Local\Programs\MiKTeX\tex/generic/pgf/libraries\pgflibraryplotmarks.code.tex
File: pgflibraryplotmarks.code.tex 2023-01-15 v3.1.10 (3.1.10)
))) (C:\Users\Admin\AppData\Local\Programs\MiKTeX\tex/latex/fontawesome\fontawesome.sty
Package: fontawesome 2016/05/15 v4.6.3.1 font awesome icons
 (C:\Users\Admin\AppData\Local\Programs\MiKTeX\tex/latex/fontawesome\fontawesomesymbols-generic.tex) (C:\Users\Admin\AppData\Local\Programs\MiKTeX\tex/latex/fontawesome\fontawesomesymbols-pdftex.tex)) (C:\Users\Admin\AppData\Local\Programs\MiKTeX\tex/latex/hyperref\hyperref.sty
Package: hyperref 2025-07-12 v7.01o Hypertext links for LaTeX
 (C:\Users\Admin\AppData\Local\Programs\MiKTeX\tex/generic/kvdefinekeys\kvdefinekeys.sty
Package: kvdefinekeys 2019-12-19 v1.6 Define keys (HO)
) (C:\Users\Admin\AppData\Local\Programs\MiKTeX\tex/generic/pdfescape\pdfescape.sty
Package: pdfescape 2019/12/09 v1.15 Implements pdfTeX's escape features (HO)
) (C:\Users\Admin\AppData\Local\Programs\MiKTeX\tex/latex/hycolor\hycolor.sty
Package: hycolor 2020-01-27 v1.10 Color options for hyperref/bookmark (HO)
) (C:\Users\Admin\AppData\Local\Programs\MiKTeX\tex/latex/hyperref\nameref.sty
Package: nameref 2025-06-21 v2.57 Cross-referencing by name of section
 (C:\Users\Admin\AppData\Local\Programs\MiKTeX\tex/latex/refcount\refcount.sty
Package: refcount 2019/12/15 v3.6 Data extraction from label references (HO)
) (C:\Users\Admin\AppData\Local\Programs\MiKTeX\tex/generic/gettitlestring\gettitlestring.sty
Package: gettitlestring 2019/12/15 v1.6 Cleanup title references (HO)
)
\c@section@level=\count444
) (C:\Users\Admin\AppData\Local\Programs\MiKTeX\tex/generic/stringenc\stringenc.sty
Package: stringenc 2019/11/29 v1.12 Convert strings between diff. encodings (HO)
)
\@linkdim=\dimen429
\Hy@linkcounter=\count445
\Hy@pagecounter=\count446
 (C:\Users\Admin\AppData\Local\Programs\MiKTeX\tex/latex/hyperref\pd1enc.def
File: pd1enc.def 2025-07-12 v7.01o Hyperref: PDFDocEncoding definition (HO)
Now handling font encoding PD1 ...
... no UTF-8 mapping file for font encoding PD1
) (C:\Users\Admin\AppData\Local\Programs\MiKTeX\tex/generic/intcalc\intcalc.sty
Package: intcalc 2019/12/15 v1.3 Expandable calculations with integers (HO)
)
\Hy@SavedSpaceFactor=\count447
 (C:\Users\Admin\AppData\Local\Programs\MiKTeX\tex/latex/hyperref\puenc.def
File: puenc.def 2025-07-12 v7.01o Hyperref: PDF Unicode definition (HO)
Now handling font encoding PU ...
... no UTF-8 mapping file for font encoding PU
)
Package hyperref Info: Hyper figures OFF on input line 4195.
Package hyperref Info: Link nesting OFF on input line 4200.
Package hyperref Info: Hyper index ON on input line 4203.
Package hyperref Info: Plain pages OFF on input line 4210.
Package hyperref Info: Backreferencing OFF on input line 4215.
Package hyperref Info: Implicit mode ON; LaTeX internals redefined.
Package hyperref Info: Bookmarks ON on input line 4462.
\c@Hy@tempcnt=\count448
LaTeX Info: Redefining \url on input line 4801.
\XeTeXLinkMargin=\dimen430
 (C:\Users\Admin\AppData\Local\Programs\MiKTeX\tex/generic/bitset\bitset.sty
Package: bitset 2019/12/09 v1.3 Handle bit-vector datatype (HO)
 (C:\Users\Admin\AppData\Local\Programs\MiKTeX\tex/generic/bigintcalc\bigintcalc.sty
Package: bigintcalc 2019/12/15 v1.5 Expandable calculations on big integers (HO)
))
\Fld@menulength=\count449
\Field@Width=\dimen431
\Fld@charsize=\dimen432
Package hyperref Info: Hyper figures OFF on input line 6078.
Package hyperref Info: Link nesting OFF on input line 6083.
Package hyperref Info: Hyper index ON on input line 6086.
Package hyperref Info: backreferencing OFF on input line 6093.
Package hyperref Info: Link coloring OFF on input line 6098.
Package hyperref Info: Link coloring with OCG OFF on input line 6103.
Package hyperref Info: PDF/A mode OFF on input line 6108.
\Hy@abspage=\count450
\c@Item=\count451
\c@Hfootnote=\count452
)
Package hyperref Info: Driver (autodetected): hpdftex.
 (C:\Users\Admin\AppData\Local\Programs\MiKTeX\tex/latex/hyperref\hpdftex.def
File: hpdftex.def 2025-07-12 v7.01o Hyperref driver for pdfTeX
\Fld@listcount=\count453
\c@bookmark@seq@number=\count454
 (C:\Users\Admin\AppData\Local\Programs\MiKTeX\tex/latex/rerunfilecheck\rerunfilecheck.sty
Package: rerunfilecheck 2025-06-21 v1.11 Rerun checks for auxiliary files (HO)
 (C:\Users\Admin\AppData\Local\Programs\MiKTeX\tex/generic/uniquecounter\uniquecounter.sty
Package: uniquecounter 2019/12/15 v1.4 Provide unlimited unique counter (HO)
)
Package uniquecounter Info: New unique counter `rerunfilecheck' on input line 284.
)
\Hy@SectionHShift=\skip75
) (C:\Users\Admin\AppData\Local\Programs\MiKTeX\tex/latex/cleveref\cleveref.sty
Package: cleveref 2018/03/27 v0.21.4 Intelligent cross-referencing
Package cleveref Info: `hyperref' support loaded on input line 2370.
LaTeX Info: Redefining \cref on input line 2370.
LaTeX Info: Redefining \Cref on input line 2370.
LaTeX Info: Redefining \crefrange on input line 2370.
LaTeX Info: Redefining \Crefrange on input line 2370.
LaTeX Info: Redefining \cpageref on input line 2370.
LaTeX Info: Redefining \Cpageref on input line 2370.
LaTeX Info: Redefining \cpagerefrange on input line 2370.
LaTeX Info: Redefining \Cpagerefrange on input line 2370.
LaTeX Info: Redefining \labelcref on input line 2370.
LaTeX Info: Redefining \labelcpageref on input line 2370.
Package cleveref Info: `amsthm' support loaded on input line 3026.
Package cleveref Info: always capitalise cross-reference names on input line 7830.
Package cleveref Info: always capitalise cross-reference names on input line 7852.
)
==> First Aid for cleveref.sty applied!
(C:\Users\Admin\AppData\Local\Programs\MiKTeX\tex/latex/marginnote\marginnote.sty
Package: marginnote 2018/08/09 1.4b non floating margin notes for LaTeX
\c@mn@abspage=\count455
)
\c@question=\count456
\c@subquestion=\count457
\c@tcb@cnt@definition=\count458
)) (C:/Users/Admin/Documents/Github/Statistiek/LaTeX/styles/statistics-macros.sty)
Package csquotes Info: Checking for multilingual support...
Package csquotes Info: ... found 'babel' package.
Package csquotes Info: Adjusting default style.
Package csquotes Info: Redefining alias 'default' -> 'dutch'.
LaTeX Font Info:    Trying to load font information for T1+bch on input line 13.
 (C:\Users\Admin\AppData\Local\Programs\MiKTeX\tex/latex/psnfss\t1bch.fd
File: t1bch.fd 2004/10/18 font definitions for T1/bch.
) (C:\Users\Admin\AppData\Local\Programs\MiKTeX\tex/latex/l3backend\l3backend-pdftex.def
File: l3backend-pdftex.def 2025-06-09 L3 backend support: PDF output (pdfTeX)
\l__color_backend_stack_int=\count459
) (exam_20261016.aux
Package babel Info: 'dutch' activates 'dutch' shorthands.
(babel)             Reported on input line 9.
)
\openout1 = `exam_20261016.aux'.

LaTeX Font Info:    Checking defaults for OML/cmm/m/it on input line 13.
LaTeX Font Info:    ... okay on input line 13.
LaTeX Font Info:    Checking defaults for OMS/cmsy/m/n on input line 13.
LaTeX Font Info:    ... okay on input line 13.
LaTeX Font Info:    Checking defaults for OT1/cmr/m/n on input line 13.
LaTeX Font Info:    ... okay on input line 13.
LaTeX Font Info:    Checking defaults for T1/cmr/m/n on input line 13.
LaTeX Font Info:    ... okay on input line 13.
LaTeX Font Info:    Checking defaults for TS1/cmr/m/n on input line 13.
LaTeX Font Info:    ... okay on input line 13.
LaTeX Font Info:    Checking defaults for OMX/cmex/m/n on input line 13.
LaTeX Font Info:    ... okay on input line 13.
LaTeX Font Info:    Checking defaults for U/cmr/m/n on input line 13.
LaTeX Font Info:    ... okay on input line 13.
LaTeX Font Info:    Checking defaults for PD1/pdf/m/n on input line 13.
LaTeX Font Info:    ... okay on input line 13.
LaTeX Font Info:    Checking defaults for PU/pdf/m/n on input line 13.
LaTeX Font Info:    ... okay on input line 13.
 (C:\Users\Admin\AppData\Local\Programs\MiKTeX\tex/context/base/mkii\supp-pdf.mkii
[Loading MPS to PDF converter (version 2006.09.02).]
\scratchcounter=\count460
\scratchdimen=\dimen433
\scratchbox=\box160
\nofMPsegments=\count461
\nofMParguments=\count462
\everyMPshowfont=\toks66
\MPscratchCnt=\count463
\MPscratchDim=\dimen434
\MPnumerator=\count464
\makeMPintoPDFobject=\count465
\everyMPtoPDFconversion=\toks67
) (C:\Users\Admin\AppData\Local\Programs\MiKTeX\tex/latex/epstopdf-pkg\epstopdf-base.sty
Package: epstopdf-base 2020-01-24 v2.11 Base part for package epstopdf
Package epstopdf-base Info: Redefining graphics rule for `.eps' on input line 485.
 (C:\Users\Admin\AppData\Local\Programs\MiKTeX\tex/latex/00miktex\epstopdf-sys.cfg
File: epstopdf-sys.cfg 2021/03/18 v2.0 Configuration of epstopdf for MiKTeX
)) (C:\Users\Admin\AppData\Local\Programs\MiKTeX\tex/latex/pdflscape\pdflscape.sty
Package: pdflscape 2022-10-27 v0.13 Display of landscape pages in PDF
 (C:\Users\Admin\AppData\Local\Programs\MiKTeX\tex/latex/pdflscape\pdflscape-nometadata.sty
Package: pdflscape-nometadata 2022-10-28 v0.13 Display of landscape pages in PDF (HO)
 (C:\Users\Admin\AppData\Local\Programs\MiKTeX\tex/latex/graphics\lscape.sty
Package: lscape 2020/05/28 v3.02 Landscape Pages (DPC)
)
Package pdflscape Info: Auto-detected driver: pdftex on input line 81.
))
*geometry* driver: auto-detecting
*geometry* detected driver: pdftex
*geometry* verbose mode - [ preamble ] result:
* driver: pdftex
* paper: <default>
* layout: <same size as paper>
* layoutoffset:(h,v)=(0.0pt,0.0pt)
* modes: 
* h-part:(L,W,R)=(54.2025pt, 505.89pt, 54.2025pt)
* v-part:(T,H,B)=(54.2025pt, 686.56499pt, 54.2025pt)
* \paperwidth=614.295pt
* \paperheight=794.96999pt
* \textwidth=505.89pt
* \textheight=686.56499pt
* \oddsidemargin=-18.06749pt
* \evensidemargin=-18.06749pt
* \topmargin=-55.06749pt
* \headheight=12.0pt
* \headsep=25.0pt
* \topskip=12.0pt
* \footskip=30.0pt
* \marginparwidth=44.0pt
* \marginparsep=10.0pt
* \columnsep=10.0pt
* \skip\footins=10.8pt plus 4.0pt minus 2.0pt
* \hoffset=0.0pt
* \voffset=0.0pt
* \mag=1000
* \@twocolumnfalse
* \@twosidefalse
* \@mparswitchfalse
* \@reversemarginfalse
* (1in=72.27pt=25.4mm, 1cm=28.453pt)

\c@mv@tabular=\count466
\c@mv@boldtabular=\count467
(C:\Users\Admin\AppData\Local\Programs\MiKTeX\tex/latex/translations/dicts\translations-basic-dictionary-dutch.trsl
File: translations-basic-dictionary-dutch.trsl (dutch translation file `translations-basic-dictionary')
)
Package translations Info: loading dictionary `translations-basic-dictionary' for `dutch'. on input line 13.
\c__nicematrix_shift_Ldots_last_row_dim=\dimen435
\c__nicematrix_innersep_middle_dim=\dimen436
\c@tabularnotesi=\count468
\enitdp@tabularnotes=\count469
\c@tabularnotes*i=\count470
\enitdp@tabularnotes*=\count471
Package caption Info: Begin \AtBeginDocument code.
Package caption Info: hyperref package is loaded.
Package caption Info: End \AtBeginDocument code.

Package pgfplots notification 'compat/show suggested version=true': document has been generated with the most recent feature set (\pgfplotsset{compat=1.18}).

Package hyperref Info: Link coloring OFF on input line 13.
(exam_20261016.out) (exam_20261016.out)
\@outlinefile=\write4
\openout4 = `exam_20261016.out'.

<C:/Users/Admin/Documents/Github/Statistiek/Python/FMW_titelblad_20261016.pdf, id=6, 845.07718pt x 1194.98447pt>
File: C:/Users/Admin/Documents/Github/Statistiek/Python/FMW_titelblad_20261016.pdf Graphic file (type pdf)
<use C:/Users/Admin/Documents/Github/Statistiek/Python/FMW_titelblad_20261016.pdf>
Package pdftex.def Info: C:/Users/Admin/Documents/Github/Statistiek/Python/FMW_titelblad_20261016.pdf  used on input line 16.
(pdftex.def)             Requested size: 845.07512pt x 1194.98155pt.
<C:/Users/Admin/Documents/Github/Statistiek/Python/FMW_titelblad_20261016.pdf, id=8, page=1, 845.07718pt x 1194.98447pt>
File: C:/Users/Admin/Documents/Github/Statistiek/Python/FMW_titelblad_20261016.pdf Graphic file (type pdf)
<use C:/Users/Admin/Documents/Github/Statistiek/Python/FMW_titelblad_20261016.pdf, page 1>
Package pdftex.def Info: C:/Users/Admin/Documents/Github/Statistiek/Python/FMW_titelblad_20261016.pdf , page1 used on input line 16.
(pdftex.def)             Requested size: 845.07512pt x 1194.98155pt.
File: C:/Users/Admin/Documents/Github/Statistiek/Python/FMW_titelblad_20261016.pdf Graphic file (type pdf)
<use C:/Users/Admin/Documents/Github/Statistiek/Python/FMW_titelblad_20261016.pdf, page 1>
Package pdftex.def Info: C:/Users/Admin/Documents/Github/Statistiek/Python/FMW_titelblad_20261016.pdf , page1 used on input line 16.
(pdftex.def)             Requested size: 562.6527pt x 795.62111pt.
File: C:/Users/Admin/Documents/Github/Statistiek/Python/FMW_titelblad_20261016.pdf Graphic file (type pdf)
<use C:/Users/Admin/Documents/Github/Statistiek/Python/FMW_titelblad_20261016.pdf, page 1>
Package pdftex.def Info: C:/Users/Admin/Documents/Github/Statistiek/Python/FMW_titelblad_20261016.pdf , page1 used on input line 16.
(pdftex.def)             Requested size: 562.6527pt x 795.62111pt.
File: C:/Users/Admin/Documents/Github/Statistiek/Python/FMW_titelblad_20261016.pdf Graphic file (type pdf)
<use C:/Users/Admin/Documents/Github/Statistiek/Python/FMW_titelblad_20261016.pdf, page 1>
Package pdftex.def Info: C:/Users/Admin/Documents/Github/Statistiek/Python/FMW_titelblad_20261016.pdf , page1 used on input line 16.
(pdftex.def)             Requested size: 562.6527pt x 795.62111pt.


File: C:/Users/Admin/Documents/Github/Statistiek/Python/FMW_titelblad_20261016.pdf Graphic file (type pdf)
<use C:/Users/Admin/Documents/Github/Statistiek/Python/FMW_titelblad_20261016.pdf, page 1>
Package pdftex.def Info: C:/Users/Admin/Documents/Github/Statistiek/Python/FMW_titelblad_20261016.pdf , page1 used on input line 16.
(pdftex.def)             Requested size: 562.6527pt x 795.62111pt.
[1


 <C:/Users/Admin/Documents/Github/Statistiek/Python/FMW_titelblad_20261016.pdf>]
<C:/Users/Admin/Documents/Github/Statistiek/Python/FMW_titelblad_20261016.pdf, id=45, page=2, 845.07718pt x 1194.98447pt>
File: C:/Users/Admin/Documents/Github/Statistiek/Python/FMW_titelblad_20261016.pdf Graphic file (type pdf)
<use C:/Users/Admin/Documents/Github/Statistiek/Python/FMW_titelblad_20261016.pdf, page 2>
Package pdftex.def Info: C:/Users/Admin/Documents/Github/Statistiek/Python/FMW_titelblad_20261016.pdf , page2 used on input line 16.
(pdftex.def)             Requested size: 562.6527pt x 795.62111pt.
File: C:/Users/Admin/Documents/Github/Statistiek/Python/FMW_titelblad_20261016.pdf Graphic file (type pdf)
<use C:/Users/Admin/Documents/Github/Statistiek/Python/FMW_titelblad_20261016.pdf, page 2>
Package pdftex.def Info: C:/Users/Admin/Documents/Github/Statistiek/Python/FMW_titelblad_20261016.pdf , page2 used on input line 16.
(pdftex.def)             Requested size: 562.6527pt x 795.62111pt.


File: C:/Users/Admin/Documents/Github/Statistiek/Python/FMW_titelblad_20261016.pdf Graphic file (type pdf)
<use C:/Users/Admin/Documents/Github/Statistiek/Python/FMW_titelblad_20261016.pdf, page 2>
Package pdftex.def Info: C:/Users/Admin/Documents/Github/Statistiek/Python/FMW_titelblad_20261016.pdf , page2 used on input line 16.
(pdftex.def)             Requested size: 562.6527pt x 795.62111pt.
[2

 <C:/Users/Admin/Documents/Github/Statistiek/Python/FMW_titelblad_20261016.pdf>]
<C:/Users/Admin/Documents/Github/Statistiek/LaTeX/formulebladen/Formuleblad_STA1_2026.pdf, id=58, 597.50829pt x 845.0471pt>
File: C:/Users/Admin/Documents/Github/Statistiek/LaTeX/formulebladen/Formuleblad_STA1_2026.pdf Graphic file (type pdf)
<use C:/Users/Admin/Documents/Github/Statistiek/LaTeX/formulebladen/Formuleblad_STA1_2026.pdf>
Package pdftex.def Info: C:/Users/Admin/Documents/Github/Statistiek/LaTeX/formulebladen/Formuleblad_STA1_2026.pdf  used on input line 23.
(pdftex.def)             Requested size: 597.50682pt x 845.04504pt.
<C:/Users/Admin/Documents/Github/Statistiek/LaTeX/formulebladen/Formuleblad_STA1_2026.pdf, id=60, page=1, 597.50829pt x 845.0471pt>
File: C:/Users/Admin/Documents/Github/Statistiek/LaTeX/formulebladen/Formuleblad_STA1_2026.pdf Graphic file (type pdf)
<use C:/Users/Admin/Documents/Github/Statistiek/LaTeX/formulebladen/Formuleblad_STA1_2026.pdf, page 1>
Package pdftex.def Info: C:/Users/Admin/Documents/Github/Statistiek/LaTeX/formulebladen/Formuleblad_STA1_2026.pdf , page1 used on input line 23.
(pdftex.def)             Requested size: 597.50682pt x 845.04504pt.
File: C:/Users/Admin/Documents/Github/Statistiek/LaTeX/formulebladen/Formuleblad_STA1_2026.pdf Graphic file (type pdf)
<use C:/Users/Admin/Documents/Github/Statistiek/LaTeX/formulebladen/Formuleblad_STA1_2026.pdf, page 1>
Package pdftex.def Info: C:/Users/Admin/Documents/Github/Statistiek/LaTeX/formulebladen/Formuleblad_STA1_2026.pdf , page1 used on input line 23.
(pdftex.def)             Requested size: 562.12285pt x 795.00201pt.
File: C:/Users/Admin/Documents/Github/Statistiek/LaTeX/formulebladen/Formuleblad_STA1_2026.pdf Graphic file (type pdf)
<use C:/Users/Admin/Documents/Github/Statistiek/LaTeX/formulebladen/Formuleblad_STA1_2026.pdf, page 1>
Package pdftex.def Info: C:/Users/Admin/Documents/Github/Statistiek/LaTeX/formulebladen/Formuleblad_STA1_2026.pdf , page1 used on input line 23.
(pdftex.def)             Requested size: 562.12285pt x 795.00201pt.
File: C:/Users/Admin/Documents/Github/Statistiek/LaTeX/formulebladen/Formuleblad_STA1_2026.pdf Graphic file (type pdf)
<use C:/Users/Admin/Documents/Github/Statistiek/LaTeX/formulebladen/Formuleblad_STA1_2026.pdf, page 1>
Package pdftex.def Info: C:/Users/Admin/Documents/Github/Statistiek/LaTeX/formulebladen/Formuleblad_STA1_2026.pdf , page1 used on input line 23.
(pdftex.def)             Requested size: 562.12285pt x 795.00201pt.


File: C:/Users/Admin/Documents/Github/Statistiek/LaTeX/formulebladen/Formuleblad_STA1_2026.pdf Graphic file (type pdf)
<use C:/Users/Admin/Documents/Github/Statistiek/LaTeX/formulebladen/Formuleblad_STA1_2026.pdf, page 1>
Package pdftex.def Info: C:/Users/Admin/Documents/Github/Statistiek/LaTeX/formulebladen/Formuleblad_STA1_2026.pdf , page1 used on input line 23.
(pdftex.def)             Requested size: 562.12285pt x 795.00201pt.
[3

 <C:/Users/Admin/Documents/Github/Statistiek/LaTeX/formulebladen/Formuleblad_STA1_2026.pdf{C:/Users/Admin/AppData/Local/MiKTeX/fonts/map/pdftex/pdftex.map}>]
<C:/Users/Admin/Documents/Github/Statistiek/LaTeX/formulebladen/Formuleblad_STA1_2026.pdf, id=126, page=2, 597.50829pt x 845.0471pt>
File: C:/Users/Admin/Documents/Github/Statistiek/LaTeX/formulebladen/Formuleblad_STA1_2026.pdf Graphic file (type pdf)
<use C:/Users/Admin/Documents/Github/Statistiek/LaTeX/formulebladen/Formuleblad_STA1_2026.pdf, page 2>
Package pdftex.def Info: C:/Users/Admin/Documents/Github/Statistiek/LaTeX/formulebladen/Formuleblad_STA1_2026.pdf , page2 used on input line 23.
(pdftex.def)             Requested size: 562.12285pt x 795.00201pt.
File: C:/Users/Admin/Documents/Github/Statistiek/LaTeX/formulebladen/Formuleblad_STA1_2026.pdf Graphic file (type pdf)
<use C:/Users/Admin/Documents/Github/Statistiek/LaTeX/formulebladen/Formuleblad_STA1_2026.pdf, page 2>
Package pdftex.def Info: C:/Users/Admin/Documents/Github/Statistiek/LaTeX/formulebladen/Formuleblad_STA1_2026.pdf , page2 used on input line 23.
(pdftex.def)             Requested size: 562.12285pt x 795.00201pt.


File: C:/Users/Admin/Documents/Github/Statistiek/LaTeX/formulebladen/Formuleblad_STA1_2026.pdf Graphic file (type pdf)
<use C:/Users/Admin/Documents/Github/Statistiek/LaTeX/formulebladen/Formuleblad_STA1_2026.pdf, page 2>
Package pdftex.def Info: C:/Users/Admin/Documents/Github/Statistiek/LaTeX/formulebladen/Formuleblad_STA1_2026.pdf , page2 used on input line 23.
(pdftex.def)             Requested size: 562.12285pt x 795.00201pt.
[4

 <C:/Users/Admin/Documents/Github/Statistiek/LaTeX/formulebladen/Formuleblad_STA1_2026.pdf>] (q1.tex
LaTeX Font Info:    Trying to load font information for U+msa on input line 9.
 (C:\Users\Admin\AppData\Local\Programs\MiKTeX\tex/latex/amsfonts\umsa.fd
File: umsa.fd 2013/01/14 v3.01 AMS symbols A
)
LaTeX Font Info:    Trying to load font information for U+msb on input line 9.
 (C:\Users\Admin\AppData\Local\Programs\MiKTeX\tex/latex/amsfonts\umsb.fd
File: umsb.fd 2013/01/14 v3.01 AMS symbols B
)
Package marginnote Info: Margin note 5.1 is on absolute page 5 on input line 41.
Package marginnote Info: right page because not two side mode on input line 41.
Package marginnote Info: xpos seems to be 481.59053pt on input line 41.
Package marginnote Info: Margin note 5.2 is on absolute page 5 on input line 41.
Package marginnote Info: right page because not two side mode on input line 41.
Package marginnote Info: xpos seems to be 429.8929pt on input line 41.
Package marginnote Info: Margin note 5.3 is on absolute page 5 on input line 41.
Package marginnote Info: right page because not two side mode on input line 41.
Package marginnote Info: xpos seems to be 363.15207pt on input line 41.
Package marginnote Info: Margin note 5.4 is on absolute page 5 on input line 41.
Package marginnote Info: right page because not two side mode on input line 41.
Package marginnote Info: xpos seems to be 229.13065pt on input line 41.
Package marginnote Info: Margin note 5.5 is on absolute page 5 on input line 41.
Package marginnote Info: right page because not two side mode on input line 41.
Package marginnote Info: xpos seems to be 238.26944pt on input line 41.
Package marginnote Info: Margin note 5.6 is on absolute page 6 on input line 41.
Package marginnote Info: right page because not two side mode on input line 41.
Package marginnote Info: xpos seems to be 319.39874pt on input line 41.
Package marginnote Info: Margin note 5.7 is on absolute page 6 on input line 41.
Package marginnote Info: right page because not two side mode on input line 41.
Package marginnote Info: xpos seems to be 476.24149pt on input line 41.
<./20261016_exam_boxplot.png, id=143, 462.528pt x 346.896pt>
File: ./20261016_exam_boxplot.png Graphic file (type png)
<use ./20261016_exam_boxplot.png>
Package pdftex.def Info: ./20261016_exam_boxplot.png  used on input line 41.
(pdftex.def)             Requested size: 450.59206pt x 337.96022pt.
Package marginnote Info: Margin note 5.8 is on absolute page 6 on input line 41.
Package marginnote Info: right page because not two side mode on input line 41.
Package marginnote Info: xpos seems to be 319.14749pt on input line 41.


[5{C:/Users/Admin/AppData/Local/Programs/MiKTeX/fonts/enc/dvips/base/8r.enc}]
Package marginnote Info: Margin note 6.1 is on absolute page 7 on input line 53.
Package marginnote Info: right page because not two side mode on input line 53.
Package marginnote Info: xpos seems to be 413.67543pt on input line 53.
Package marginnote Info: Margin note 6.2 is on absolute page 7 on input line 53.
Package marginnote Info: right page because not two side mode on input line 53.
Package marginnote Info: xpos seems to be 477.01224pt on input line 53.
Package marginnote Info: Margin note 6.3 is on absolute page 7 on input line 53.
Package marginnote Info: right page because not two side mode on input line 53.
Package marginnote Info: xpos seems to be 215.1468pt on input line 53.
Package marginnote Info: Margin note 6.4 is on absolute page 7 on input line 53.
Package marginnote Info: right page because not two side mode on input line 53.
Package marginnote Info: xpos seems to be 406.26779pt on input line 53.


[6 <./20261016_exam_boxplot.png>]) (q2.tex

[7]
Package marginnote Info: Margin note 8.1 is on absolute page 8 on input line 43.
Package marginnote Info: right page because not two side mode on input line 43.
Package marginnote Info: xpos seems to be 479.48459pt on input line 43.
Package marginnote Info: Margin note 8.2 is on absolute page 8 on input line 43.
Package marginnote Info: right page because not two side mode on input line 43.
Package marginnote Info: xpos seems to be 383.85727pt on input line 43.
Package marginnote Info: Margin note 8.3 is on absolute page 8 on input line 43.
Package marginnote Info: right page because not two side mode on input line 43.
Package marginnote Info: xpos seems to be 300.00302pt on input line 43.
Package marginnote Info: right page because not two side mode on input line 43.
Package marginnote Info: xpos seems to be \@mn@currxpos  on input line 43.
Package marginnote Info: Margin note 8.5 is on absolute page 9 on input line 43.
Package marginnote Info: right page because not two side mode on input line 43.
Package marginnote Info: xpos seems to be 242.83482pt on input line 43.
Package marginnote Info: Margin note 8.6 is on absolute page 9 on input line 43.
Package marginnote Info: right page because not two side mode on input line 43.
Package marginnote Info: xpos seems to be 526.57545pt on input line 43.


[8]
<./20260605_exam_pdf_sketch.png, id=181, 462.528pt x 346.896pt>
File: ./20260605_exam_pdf_sketch.png Graphic file (type png)
<use ./20260605_exam_pdf_sketch.png>
Package pdftex.def Info: ./20260605_exam_pdf_sketch.png  used on input line 56.
(pdftex.def)             Requested size: 450.59206pt x 337.96022pt.
Package marginnote Info: Margin note 9.1 is on absolute page 10 on input line 56.
Package marginnote Info: right page because not two side mode on input line 56.
Package marginnote Info: xpos seems to be 319.14749pt on input line 56.


[9]
Package marginnote Info: right page because not two side mode on input line 81.
Package marginnote Info: xpos seems to be \@mn@currxpos  on input line 81.
Package marginnote Info: Margin note 10.2 is on absolute page 11 on input line 81.
Package marginnote Info: right page because not two side mode on input line 81.
Package marginnote Info: xpos seems to be 190.45267pt on input line 81.
Package marginnote Info: right page because not two side mode on input line 81.
Package marginnote Info: xpos seems to be \@mn@currxpos  on input line 81.
Package marginnote Info: Margin note 10.4 is on absolute page 11 on input line 81.
Package marginnote Info: right page because not two side mode on input line 81.
Package marginnote Info: xpos seems to be 197.20639pt on input line 81.
Package marginnote Info: right page because not two side mode on input line 81.
Package marginnote Info: xpos seems to be \@mn@currxpos  on input line 81.
Package marginnote Info: Margin note 10.6 is on absolute page 11 on input line 81.
Package marginnote Info: right page because not two side mode on input line 81.
Package marginnote Info: xpos seems to be 414.36472pt on input line 81.


[10 <./20260605_exam_pdf_sketch.png>]
Package marginnote Info: Margin note 11.1 is on absolute page 12 on input line 99.
Package marginnote Info: right page because not two side mode on input line 99.
Package marginnote Info: xpos seems to be 298.5455pt on input line 99.
Package marginnote Info: right page because not two side mode on input line 99.
Package marginnote Info: xpos seems to be \@mn@currxpos  on input line 99.
Package marginnote Info: Margin note 11.3 is on absolute page 12 on input line 99.
Package marginnote Info: right page because not two side mode on input line 99.
Package marginnote Info: xpos seems to be 260.57314pt on input line 99.
Package marginnote Info: Margin note 11.4 is on absolute page 12 on input line 99.
Package marginnote Info: right page because not two side mode on input line 99.
Package marginnote Info: xpos seems to be 379.12405pt on input line 99.
Package marginnote Info: Margin note 11.5 is on absolute page 12 on input line 99.
Package marginnote Info: right page because not two side mode on input line 99.
Package marginnote Info: xpos seems to be 93.85147pt on input line 99.
Package marginnote Info: Margin note 11.6 is on absolute page 12 on input line 99.
Package marginnote Info: right page because not two side mode on input line 99.
Package marginnote Info: xpos seems to be 483.729pt on input line 99.


[11]) (q3.tex

[12]
Package marginnote Info: Margin note 13.1 is on absolute page 13 on input line 34.
Package marginnote Info: right page because not two side mode on input line 34.
Package marginnote Info: xpos seems to be 214.58682pt on input line 34.
Package marginnote Info: Margin note 13.2 is on absolute page 13 on input line 34.
Package marginnote Info: right page because not two side mode on input line 34.
Package marginnote Info: xpos seems to be 383.89516pt on input line 34.
Package marginnote Info: Margin note 13.3 is on absolute page 13 on input line 34.
Package marginnote Info: right page because not two side mode on input line 34.
Package marginnote Info: xpos seems to be 327.99522pt on input line 34.
Package marginnote Info: right page because not two side mode on input line 34.
Package marginnote Info: xpos seems to be \@mn@currxpos  on input line 34.
Package marginnote Info: right page because not two side mode on input line 34.
Package marginnote Info: xpos seems to be \@mn@currxpos  on input line 34.
Package marginnote Info: Margin note 13.6 is on absolute page 13 on input line 34.
Package marginnote Info: right page because not two side mode on input line 34.
Package marginnote Info: xpos seems to be 413.10373pt on input line 34.
Package marginnote Info: Margin note 13.7 is on absolute page 13 on input line 34.
Package marginnote Info: right page because not two side mode on input line 34.
Package marginnote Info: xpos seems to be 448.35167pt on input line 34.
Package marginnote Info: Margin note 13.8 is on absolute page 13 on input line 34.
Package marginnote Info: right page because not two side mode on input line 34.
Package marginnote Info: xpos seems to be 372.44762pt on input line 34.
Package marginnote Info: right page because not two side mode on input line 34.
Package marginnote Info: xpos seems to be \@mn@currxpos  on input line 34.
Package marginnote Info: Margin note 13.10 is on absolute page 13 on input line 34.
Package marginnote Info: right page because not two side mode on input line 34.
Package marginnote Info: xpos seems to be 238.4521pt on input line 34.
Package marginnote Info: Margin note 13.11 is on absolute page 14 on input line 34.
Package marginnote Info: right page because not two side mode on input line 34.
Package marginnote Info: xpos seems to be 342.38287pt on input line 34.


[13]
Package marginnote Info: Margin note 14.1 is on absolute page 14 on input line 62.
Package marginnote Info: right page because not two side mode on input line 62.
Package marginnote Info: xpos seems to be 544.44353pt on input line 62.
Package marginnote Info: Margin note 14.2 is on absolute page 14 on input line 62.
Package marginnote Info: right page because not two side mode on input line 62.
Package marginnote Info: xpos seems to be 301.28438pt on input line 62.
Package marginnote Info: right page because not two side mode on input line 62.
Package marginnote Info: xpos seems to be \@mn@currxpos  on input line 62.
Package marginnote Info: Margin note 14.4 is on absolute page 14 on input line 62.
Package marginnote Info: right page because not two side mode on input line 62.
Package marginnote Info: xpos seems to be 455.443pt on input line 62.
Package marginnote Info: right page because not two side mode on input line 62.
Package marginnote Info: xpos seems to be \@mn@currxpos  on input line 62.
Package marginnote Info: Margin note 14.6 is on absolute page 14 on input line 62.
Package marginnote Info: right page because not two side mode on input line 62.
Package marginnote Info: xpos seems to be 235.88853pt on input line 62.
Package marginnote Info: Margin note 14.7 is on absolute page 15 on input line 85.
Package marginnote Info: right page because not two side mode on input line 85.
Package marginnote Info: xpos seems to be 409.91794pt on input line 85.
Package marginnote Info: right page because not two side mode on input line 85.
Package marginnote Info: xpos seems to be \@mn@currxpos  on input line 85.
Package marginnote Info: Margin note 14.9 is on absolute page 15 on input line 85.
Package marginnote Info: right page because not two side mode on input line 85.
Package marginnote Info: xpos seems to be 455.443pt on input line 85.
Package marginnote Info: right page because not two side mode on input line 85.
Package marginnote Info: xpos seems to be \@mn@currxpos  on input line 85.
Package marginnote Info: Margin note 14.11 is on absolute page 15 on input line 85.
Package marginnote Info: right page because not two side mode on input line 85.
Package marginnote Info: xpos seems to be 200.84856pt on input line 85.
Package marginnote Info: Margin note 14.12 is on absolute page 15 on input line 85.
Package marginnote Info: right page because not two side mode on input line 85.
Package marginnote Info: xpos seems to be 325.60208pt on input line 85.
Package marginnote Info: Margin note 14.13 is on absolute page 15 on input line 85.
Package marginnote Info: right page because not two side mode on input line 85.
Package marginnote Info: xpos seems to be 340.04324pt on input line 85.


[14]
Package marginnote Info: Margin note 15.1 is on absolute page 16 on input line 105.
Package marginnote Info: right page because not two side mode on input line 105.
Package marginnote Info: xpos seems to be 304.20828pt on input line 105.
Package marginnote Info: Margin note 15.2 is on absolute page 16 on input line 105.
Package marginnote Info: right page because not two side mode on input line 105.
Package marginnote Info: xpos seems to be 375.79579pt on input line 105.
Package marginnote Info: Margin note 15.3 is on absolute page 16 on input line 105.
Package marginnote Info: right page because not two side mode on input line 105.
Package marginnote Info: xpos seems to be 358.02058pt on input line 105.
Package marginnote Info: Margin note 15.4 is on absolute page 16 on input line 105.
Package marginnote Info: right page because not two side mode on input line 105.
Package marginnote Info: xpos seems to be 435.44916pt on input line 105.
Package marginnote Info: Margin note 15.5 is on absolute page 16 on input line 105.
Package marginnote Info: right page because not two side mode on input line 105.
Package marginnote Info: xpos seems to be 321.5969pt on input line 105.
Package marginnote Info: Margin note 15.6 is on absolute page 16 on input line 105.
Package marginnote Info: right page because not two side mode on input line 105.
Package marginnote Info: xpos seems to be 125.57945pt on input line 105.


[15]) (q4.tex

[16]
Package marginnote Info: Margin note 17.1 is on absolute page 17 on input line 29.
Package marginnote Info: right page because not two side mode on input line 29.
Package marginnote Info: xpos seems to be 490.02357pt on input line 29.
Package marginnote Info: Margin note 17.2 is on absolute page 17 on input line 29.
Package marginnote Info: right page because not two side mode on input line 29.
Package marginnote Info: xpos seems to be 383.12598pt on input line 29.
Package marginnote Info: Margin note 17.3 is on absolute page 17 on input line 29.
Package marginnote Info: right page because not two side mode on input line 29.
Package marginnote Info: xpos seems to be 544.44353pt on input line 29.
Package marginnote Info: right page because not two side mode on input line 29.
Package marginnote Info: xpos seems to be \@mn@currxpos  on input line 29.
Package marginnote Info: Margin note 17.5 is on absolute page 17 on input line 29.
Package marginnote Info: right page because not two side mode on input line 29.
Package marginnote Info: xpos seems to be 308.23248pt on input line 29.
Package marginnote Info: Margin note 17.6 is on absolute page 18 on input line 50.
Package marginnote Info: right page because not two side mode on input line 50.
Package marginnote Info: xpos seems to be 93.85147pt on input line 50.
Package marginnote Info: Margin note 17.7 is on absolute page 18 on input line 50.
Package marginnote Info: right page because not two side mode on input line 50.
Package marginnote Info: xpos seems to be 380.1885pt on input line 50.
Package marginnote Info: Margin note 17.8 is on absolute page 18 on input line 50.
Package marginnote Info: right page because not two side mode on input line 50.
Package marginnote Info: xpos seems to be 275.36432pt on input line 50.
Package marginnote Info: right page because not two side mode on input line 50.
Package marginnote Info: xpos seems to be \@mn@currxpos  on input line 50.
Package marginnote Info: Margin note 17.10 is on absolute page 18 on input line 50.
Package marginnote Info: right page because not two side mode on input line 50.
Package marginnote Info: xpos seems to be 343.16577pt on input line 50.


[17]
Package marginnote Info: Margin note 18.1 is on absolute page 18 on input line 67.
Package marginnote Info: right page because not two side mode on input line 67.
Package marginnote Info: xpos seems to be 209.3968pt on input line 67.
Package marginnote Info: Margin note 18.2 is on absolute page 18 on input line 67.
Package marginnote Info: right page because not two side mode on input line 67.
Package marginnote Info: xpos seems to be 425.16138pt on input line 67.
Package marginnote Info: right page because not two side mode on input line 67.
Package marginnote Info: xpos seems to be \@mn@currxpos  on input line 67.
Package marginnote Info: Margin note 18.4 is on absolute page 18 on input line 67.
Package marginnote Info: right page because not two side mode on input line 67.
Package marginnote Info: xpos seems to be 284.97128pt on input line 67.


[18]
Package marginnote Info: Margin note 19.1 is on absolute page 19 on input line 80.
Package marginnote Info: right page because not two side mode on input line 80.
Package marginnote Info: xpos seems to be 329.27332pt on input line 80.
Package marginnote Info: Margin note 19.2 is on absolute page 19 on input line 80.
Package marginnote Info: right page because not two side mode on input line 80.
Package marginnote Info: xpos seems to be 354.8072pt on input line 80.
Package marginnote Info: Margin note 19.3 is on absolute page 19 on input line 103.
Package marginnote Info: right page because not two side mode on input line 103.
Package marginnote Info: xpos seems to be 453.88873pt on input line 103.
Package marginnote Info: right page because not two side mode on input line 103.
Package marginnote Info: xpos seems to be \@mn@currxpos  on input line 103.
Package marginnote Info: Margin note 19.5 is on absolute page 19 on input line 103.
Package marginnote Info: right page because not two side mode on input line 103.
Package marginnote Info: xpos seems to be 279.20901pt on input line 103.
Package marginnote Info: Margin note 19.6 is on absolute page 19 on input line 103.
Package marginnote Info: right page because not two side mode on input line 103.
Package marginnote Info: xpos seems to be 255.05812pt on input line 103.
Package marginnote Info: Margin note 19.7 is on absolute page 20 on input line 103.
Package marginnote Info: right page because not two side mode on input line 103.
Package marginnote Info: xpos seems to be 463.16716pt on input line 103.
Package marginnote Info: Margin note 19.8 is on absolute page 20 on input line 103.
Package marginnote Info: right page because not two side mode on input line 103.
Package marginnote Info: xpos seems to be 449.61227pt on input line 103.
Package marginnote Info: Margin note 19.9 is on absolute page 20 on input line 103.
Package marginnote Info: right page because not two side mode on input line 103.
Package marginnote Info: xpos seems to be 143.54341pt on input line 103.


[19])

[20] (exam_20261016.aux)
 ***********
LaTeX2e <2025-06-01> patch level 1
L3 programming layer <2025-07-20>
 ***********
Package rerunfilecheck Info: File `exam_20261016.out' has not changed.
(rerunfilecheck)             Checksum: D41D8CD98F00B204E9800998ECF8427E;0.
 ) 
Here is how much of TeX's memory you used:
 52433 strings out of 468133
 1265737 string characters out of 5430719
 1777770 words of memory out of 5000000
 80243 multiletter control sequences out of 15000+600000
 653839 words of font info for 81 fonts, out of 8000000 for 9000
 1141 hyphenation exceptions out of 8191
 112i,19n,145p,862b,1686s stack positions out of 10000i,1000n,20000p,200000b,200000s
<C:/Users/Admin/AppData/Local/Programs/MiKTeX/fonts/type1/bitstrea/charter/bchb8a.pfb><C:/Users/Admin/AppData/Local/Programs/MiKTeX/fonts/type1/bitstrea/charter/bchr8a.pfb><C:/Users/Admin/AppData/Local/Programs/MiKTeX/fonts/type1/bitstrea/charter/bchri8a.pfb><C:/Users/Admin/AppData/Local/Programs/MiKTeX/fonts/type1/public/amsfonts/cm/cmex10.pfb><C:/Users/Admin/AppData/Local/Programs/MiKTeX/fonts/type1/public/amsfonts/cm/cmmi10.pfb><C:/Users/Admin/AppData/Local/Programs/MiKTeX/fonts/type1/public/amsfonts/cm/cmmi12.pfb><C:/Users/Admin/AppData/Local/Programs/MiKTeX/fonts/type1/public/amsfonts/cm/cmmi5.pfb><C:/Users/Admin/AppData/Local/Programs/MiKTeX/fonts/type1/public/amsfonts/cm/cmmi7.pfb><C:/Users/Admin/AppData/Local/Programs/MiKTeX/fonts/type1/public/amsfonts/cm/cmmi8.pfb><C:/Users/Admin/AppData/Local/Programs/MiKTeX/fonts/type1/public/amsfonts/cm/cmr10.pfb><C:/Users/Admin/AppData/Local/Programs/MiKTeX/fonts/type1/public/amsfonts/cm/cmr12.pfb><C:/Users/Admin/AppData/Local/Programs/MiKTeX/fonts/type1/public/amsfonts/cm/cmr5.pfb><C:/Users/Admin/AppData/Local/Programs/MiKTeX/fonts/type1/public/amsfonts/cm/cmr7.pfb><C:/Users/Admin/AppData/Local/Programs/MiKTeX/fonts/type1/public/amsfonts/cm/cmr8.pfb><C:/Users/Admin/AppData/Local/Programs/MiKTeX/fonts/type1/public/amsfonts/cm/cmsy10.pfb><C:/Users/Admin/AppData/Local/Programs/MiKTeX/fonts/type1/public/amsfonts/cm/cmsy7.pfb><C:/Users/Admin/AppData/Local/Programs/MiKTeX/fonts/type1/public/amsfonts/cm/cmsy8.pfb>
Output written on exam_20261016.pdf (20 pages, 438110 bytes).
PDF statistics:
 308 PDF objects out of 1000 (max. 8388607)
 42 named destinations out of 1000 (max. 500000)
 63 words of extra memory for PDF output out of 10000 (max. 10000000)

